
*** crates/oauth-as/src/authorization.rs:98:17: delete match arm "client_id" in AuthorizationRequest<'a>::from_pairs

*** mutation diff:
--- crates/oauth-as/src/authorization.rs
+++ delete match arm "client_id" in AuthorizationRequest<'a>::from_pairs
@@ -90,17 +90,17 @@
         I: IntoIterator<Item = (K, V)>,
         K: AsRef<str>,
         V: Into<Cow<'a, str>>,
     {
         let mut req = AuthorizationRequest::default();
         for (k, v) in pairs {
             let slot = match k.as_ref() {
                 "response_type" => &mut req.response_type,
-                "client_id" => &mut req.client_id,
+                 /* ~ changed by cargo-mutants ~ */
                 "redirect_uri" => &mut req.redirect_uri,
                 "scope" => &mut req.scope,
                 "state" => &mut req.state,
                 "code_challenge" => &mut req.code_challenge,
                 "code_challenge_method" => &mut req.code_challenge_method,
                 _ => continue,
             };
             if slot.is_none() {


*** /Users/matthew/.rustup/toolchains/stable-aarch64-apple-darwin/bin/cargo test --no-run --verbose --package=oauth-as@0.1.0
       Fresh unicode-ident v1.0.24
       Fresh stable_deref_trait v1.2.1
       Fresh itoa v1.0.18
       Fresh memchr v2.8.3
       Fresh shlex v2.0.1
       Fresh find-msvc-tools v0.1.10
       Fresh version_check v0.9.5
       Fresh bytes v1.12.1
       Fresh cfg-if v1.0.4
       Fresh autocfg v1.5.1
       Fresh smallvec v1.15.2
       Fresh once_cell v1.21.4
       Fresh pin-project-lite v0.2.17
       Fresh pkg-config v0.3.33
       Fresh proc-macro2 v1.0.107
       Fresh futures-core v0.3.33
       Fresh fs_extra v1.3.0
       Fresh dunce v1.0.5
       Fresh litemap v0.8.2
       Fresh writeable v0.6.3
       Fresh futures-sink v0.3.33
       Fresh http v1.5.0
       Fresh utf8_iter v1.0.4
       Fresh zeroize v1.9.0
       Fresh quote v1.0.47
       Fresh libc v0.2.189
       Fresh serde_core v1.0.229
       Fresh foldhash v0.2.0
       Fresh core-foundation-sys v0.8.7
       Fresh percent-encoding v2.3.2
       Fresh allocator-api2 v0.2.21
       Fresh slab v0.4.12
       Fresh equivalent v1.0.2
       Fresh rustls-pki-types v1.15.1
       Fresh http-body v1.1.0
       Fresh tracing-core v0.1.36
       Fresh syn v3.0.3
       Fresh syn v2.0.119
       Fresh jobserver v0.1.35
       Fresh num-traits v0.2.19
       Fresh mio v1.2.2
       Fresh socket2 v0.6.5
       Fresh zerocopy v0.8.56
       Fresh icu_properties_data v2.2.0
       Fresh icu_normalizer_data v2.2.0
       Fresh hashbrown v0.17.1
       Fresh typenum v1.20.1
       Fresh untrusted v0.9.0
       Fresh futures-task v0.3.33
       Fresh synstructure v0.13.2
       Fresh zerovec-derive v0.11.3
       Fresh displaydoc v0.2.7
       Fresh cc v1.4.2
       Fresh serde_derive v1.0.229
       Fresh tokio-macros v2.7.2
       Fresh zmij v1.0.23
       Fresh num-integer v0.1.46
       Fresh futures-io v0.3.33
       Fresh indexmap v2.14.0
       Fresh generic-array v0.14.7
       Fresh tracing v0.1.44
       Fresh base64 v0.22.1
       Fresh atomic-waker v1.1.2
       Fresh try-lock v0.2.5
       Fresh tower-service v0.3.3
       Fresh fnv v1.0.7
       Fresh zerofrom-derive v0.1.7
       Fresh yoke-derive v0.8.2
       Fresh cmake v0.1.58
       Fresh serde v1.0.229
       Fresh tokio v1.53.1
       Fresh serde_json v1.0.151
       Fresh futures-util v0.3.33
       Fresh subtle v2.6.1
       Fresh num-bigint v0.4.8
       Fresh httparse v1.10.1
       Fresh getrandom v0.3.4
       Fresh want v0.3.1
       Fresh form_urlencoded v1.2.2
       Fresh futures-channel v0.3.33
       Fresh bitflags v2.13.1
       Fresh regex-syntax v0.8.11
       Fresh zerofrom v0.1.8
       Fresh tokio-util v0.7.19
       Fresh num-rational v0.4.2
       Fresh num-iter v0.1.46
       Fresh crypto-common v0.1.7
       Fresh block-buffer v0.10.4
       Fresh num-complex v0.4.6
       Fresh ref-cast-impl v1.0.26
       Fresh core-foundation v0.10.1
       Fresh getrandom v0.2.17
       Fresh security-framework-sys v2.17.0
       Fresh sync_wrapper v1.0.2
       Fresh aho-corasick v1.1.5
       Fresh ipnet v2.12.1
       Fresh scopeguard v1.2.0
       Fresh yoke v0.8.3
       Fresh h2 v0.4.15
       Fresh tower-layer v0.3.3
       Fresh security-framework v3.7.0
       Fresh num v0.4.3
       Fresh ref-cast v1.0.26
       Fresh regex-automata v0.4.18
       Fresh ahash v0.8.12
       Fresh digest v0.10.7
       Fresh lock_api v0.4.14
       Fresh parking_lot_core v0.9.12
       Fresh rand_core v0.6.4
       Fresh ppv-lite86 v0.2.21
       Fresh cpufeatures v0.2.17
       Fresh bit-vec v0.8.0
       Fresh heck v0.5.0
       Fresh log v0.4.33
       Fresh zerovec v0.11.6
       Fresh zerotrie v0.2.4
       Fresh aws-lc-sys v0.44.0
       Fresh hyper v1.11.0
       Fresh tower v0.5.3
       Fresh lazy_static v1.5.0
       Fresh borrow-or-share v0.2.4
       Fresh strum_macros v0.28.0
       Fresh rand_chacha v0.3.1
       Fresh bit-set v0.8.0
       Fresh parking_lot v0.12.5
       Fresh sha2 v0.10.9
       Fresh thiserror-impl v1.0.69
       Fresh http-body-util v0.1.4
       Fresh iana-time-zone v0.1.65
       Fresh bytecount v0.6.9
       Fresh tinystr v0.8.3
       Fresh potential_utf v0.1.5
       Fresh aws-lc-rs v1.18.0
       Fresh hyper-util v0.1.20
       Fresh fraction v0.15.4
       Fresh fluent-uri v0.4.1
       Fresh vsimd v0.8.0
       Fresh num-cmp v0.1.0
       Fresh outref v0.5.2
       Fresh micromap v0.3.0
       Fresh rand v0.8.7
       Fresh fancy-regex v0.19.0
       Fresh thiserror v1.0.69
       Fresh chrono v0.4.45
       Fresh strum v0.28.0
       Fresh regex v1.13.1
       Fresh jsonschema-regex v0.49.7
       Fresh icu_locale_core v2.2.0
       Fresh icu_collections v2.2.0
       Fresh rustls-webpki v0.103.13
       Fresh jsonschema-value v0.49.7
       Fresh referencing v0.49.7
       Fresh uuid-simd v0.8.0
       Fresh unicode-general-category v1.1.0
       Fresh email_address v0.2.9
       Fresh serde_path_to_error v0.1.20
       Fresh data-encoding v2.11.1
       Dirty oauth-as v0.1.0 (/private/var/folders/cx/c26_xdfx49jglkgh8vhrwp8r0000gn/T/cargo-mutants-oauth-as-gTCCcH.tmp/crates/oauth-as): the file `crates/oauth-as/src/authorization.rs` has changed (1786209348.581842928s, 14s after last build at 1786209334.414364217s)
   Compiling oauth-as v0.1.0 (/private/var/folders/cx/c26_xdfx49jglkgh8vhrwp8r0000gn/T/cargo-mutants-oauth-as-gTCCcH.tmp/crates/oauth-as)
       Fresh icu_provider v2.2.0
       Fresh rustls v0.23.43
       Fresh icu_normalizer v2.2.0
       Fresh icu_properties v2.2.0
       Fresh tokio-rustls v0.26.4
       Fresh rustls-platform-verifier v0.7.0
       Fresh idna_adapter v1.2.2
       Fresh hyper-rustls v0.27.9
     Running `/Users/matthew/.rustup/toolchains/stable-aarch64-apple-darwin/bin/rustc --crate-name oauth_as --edition=2021 crates/oauth-as/src/lib.rs --error-format=json --json=diagnostic-rendered-ansi,artifacts,future-incompat --crate-type lib --emit=dep-info,metadata,link -C embed-bitcode=no -C debuginfo=2 -C split-debuginfo=unpacked --cfg 'feature="default"' --check-cfg 'cfg(docsrs,test)' --check-cfg 'cfg(feature, values("default", "http"))' -C metadata=98c9962eff76c523 -C extra-filename=-8d5cbe8c5a07f8b3 --out-dir /private/var/folders/cx/c26_xdfx49jglkgh8vhrwp8r0000gn/T/cargo-mutants-oauth-as-gTCCcH.tmp/target/debug/deps -C incremental=/private/var/folders/cx/c26_xdfx49jglkgh8vhrwp8r0000gn/T/cargo-mutants-oauth-as-gTCCcH.tmp/target/debug/incremental -L dependency=/private/var/folders/cx/c26_xdfx49jglkgh8vhrwp8r0000gn/T/cargo-mutants-oauth-as-gTCCcH.tmp/target/debug/deps --extern base64=/private/var/folders/cx/c26_xdfx49jglkgh8vhrwp8r0000gn/T/cargo-mutants-oauth-as-gTCCcH.tmp/target/debug/deps/libbase64-71d7ddbe23352509.rmeta --extern getrandom=/private/var/folders/cx/c26_xdfx49jglkgh8vhrwp8r0000gn/T/cargo-mutants-oauth-as-gTCCcH.tmp/target/debug/deps/libgetrandom-48898a1b7fae3cc7.rmeta --extern serde=/private/var/folders/cx/c26_xdfx49jglkgh8vhrwp8r0000gn/T/cargo-mutants-oauth-as-gTCCcH.tmp/target/debug/deps/libserde-f4e0b116b888ac03.rmeta --extern serde_json=/private/var/folders/cx/c26_xdfx49jglkgh8vhrwp8r0000gn/T/cargo-mutants-oauth-as-gTCCcH.tmp/target/debug/deps/libserde_json-4a18c44b38f643a4.rmeta --extern sha2=/private/var/folders/cx/c26_xdfx49jglkgh8vhrwp8r0000gn/T/cargo-mutants-oauth-as-gTCCcH.tmp/target/debug/deps/libsha2-a4761ba26a06a6d3.rmeta`
       Fresh idna v1.1.0
       Fresh url v2.5.8
       Fresh tower-http v0.6.11
       Fresh oauth2 v5.0.0
       Fresh reqwest v0.13.4
       Fresh jsonschema v0.49.7
     Running `/Users/matthew/.rustup/toolchains/stable-aarch64-apple-darwin/bin/rustc --crate-name oauth_as --edition=2021 crates/oauth-as/src/lib.rs --error-format=json --json=diagnostic-rendered-ansi,artifacts,future-incompat --emit=dep-info,link -C embed-bitcode=no -C debuginfo=2 -C split-debuginfo=unpacked --test --cfg 'feature="default"' --check-cfg 'cfg(docsrs,test)' --check-cfg 'cfg(feature, values("default", "http"))' -C metadata=dca5441aff8ab174 -C extra-filename=-19caae6566dd5d57 --out-dir /private/var/folders/cx/c26_xdfx49jglkgh8vhrwp8r0000gn/T/cargo-mutants-oauth-as-gTCCcH.tmp/target/debug/deps -C incremental=/private/var/folders/cx/c26_xdfx49jglkgh8vhrwp8r0000gn/T/cargo-mutants-oauth-as-gTCCcH.tmp/target/debug/incremental -L dependency=/private/var/folders/cx/c26_xdfx49jglkgh8vhrwp8r0000gn/T/cargo-mutants-oauth-as-gTCCcH.tmp/target/debug/deps --extern base64=/private/var/folders/cx/c26_xdfx49jglkgh8vhrwp8r0000gn/T/cargo-mutants-oauth-as-gTCCcH.tmp/target/debug/deps/libbase64-71d7ddbe23352509.rlib --extern getrandom=/private/var/folders/cx/c26_xdfx49jglkgh8vhrwp8r0000gn/T/cargo-mutants-oauth-as-gTCCcH.tmp/target/debug/deps/libgetrandom-48898a1b7fae3cc7.rlib --extern http=/private/var/folders/cx/c26_xdfx49jglkgh8vhrwp8r0000gn/T/cargo-mutants-oauth-as-gTCCcH.tmp/target/debug/deps/libhttp-6a5259f6c8199c1e.rlib --extern jsonschema=/private/var/folders/cx/c26_xdfx49jglkgh8vhrwp8r0000gn/T/cargo-mutants-oauth-as-gTCCcH.tmp/target/debug/deps/libjsonschema-84d2ce6e2e585d4b.rlib --extern oauth2=/private/var/folders/cx/c26_xdfx49jglkgh8vhrwp8r0000gn/T/cargo-mutants-oauth-as-gTCCcH.tmp/target/debug/deps/liboauth2-3167962457923a67.rlib --extern serde=/private/var/folders/cx/c26_xdfx49jglkgh8vhrwp8r0000gn/T/cargo-mutants-oauth-as-gTCCcH.tmp/target/debug/deps/libserde-f4e0b116b888ac03.rlib --extern serde_json=/private/var/folders/cx/c26_xdfx49jglkgh8vhrwp8r0000gn/T/cargo-mutants-oauth-as-gTCCcH.tmp/target/debug/deps/libserde_json-4a18c44b38f643a4.rlib --extern sha2=/private/var/folders/cx/c26_xdfx49jglkgh8vhrwp8r0000gn/T/cargo-mutants-oauth-as-gTCCcH.tmp/target/debug/deps/libsha2-a4761ba26a06a6d3.rlib --extern tokio=/private/var/folders/cx/c26_xdfx49jglkgh8vhrwp8r0000gn/T/cargo-mutants-oauth-as-gTCCcH.tmp/target/debug/deps/libtokio-975ea064f9ad16cc.rlib --extern url=/private/var/folders/cx/c26_xdfx49jglkgh8vhrwp8r0000gn/T/cargo-mutants-oauth-as-gTCCcH.tmp/target/debug/deps/liburl-f82738fbc688e573.rlib -L native=/private/var/folders/cx/c26_xdfx49jglkgh8vhrwp8r0000gn/T/cargo-mutants-oauth-as-gTCCcH.tmp/target/debug/build/aws-lc-sys-ccaea78b23e919d6/out`
     Running `/Users/matthew/.rustup/toolchains/stable-aarch64-apple-darwin/bin/rustc --crate-name client_credentials --edition=2021 crates/oauth-as/tests/client_credentials.rs --error-format=json --json=diagnostic-rendered-ansi,artifacts,future-incompat --emit=dep-info,link -C embed-bitcode=no -C debuginfo=2 -C split-debuginfo=unpacked --test --cfg 'feature="default"' --check-cfg 'cfg(docsrs,test)' --check-cfg 'cfg(feature, values("default", "http"))' -C metadata=3176273f052d96e1 -C extra-filename=-d31ac85e76147f11 --out-dir /private/var/folders/cx/c26_xdfx49jglkgh8vhrwp8r0000gn/T/cargo-mutants-oauth-as-gTCCcH.tmp/target/debug/deps -C incremental=/private/var/folders/cx/c26_xdfx49jglkgh8vhrwp8r0000gn/T/cargo-mutants-oauth-as-gTCCcH.tmp/target/debug/incremental -L dependency=/private/var/folders/cx/c26_xdfx49jglkgh8vhrwp8r0000gn/T/cargo-mutants-oauth-as-gTCCcH.tmp/target/debug/deps --extern base64=/private/var/folders/cx/c26_xdfx49jglkgh8vhrwp8r0000gn/T/cargo-mutants-oauth-as-gTCCcH.tmp/target/debug/deps/libbase64-71d7ddbe23352509.rlib --extern getrandom=/private/var/folders/cx/c26_xdfx49jglkgh8vhrwp8r0000gn/T/cargo-mutants-oauth-as-gTCCcH.tmp/target/debug/deps/libgetrandom-48898a1b7fae3cc7.rlib --extern http=/private/var/folders/cx/c26_xdfx49jglkgh8vhrwp8r0000gn/T/cargo-mutants-oauth-as-gTCCcH.tmp/target/debug/deps/libhttp-6a5259f6c8199c1e.rlib --extern jsonschema=/private/var/folders/cx/c26_xdfx49jglkgh8vhrwp8r0000gn/T/cargo-mutants-oauth-as-gTCCcH.tmp/target/debug/deps/libjsonschema-84d2ce6e2e585d4b.rlib --extern oauth_as=/private/var/folders/cx/c26_xdfx49jglkgh8vhrwp8r0000gn/T/cargo-mutants-oauth-as-gTCCcH.tmp/target/debug/deps/liboauth_as-8d5cbe8c5a07f8b3.rlib --extern oauth2=/private/var/folders/cx/c26_xdfx49jglkgh8vhrwp8r0000gn/T/cargo-mutants-oauth-as-gTCCcH.tmp/target/debug/deps/liboauth2-3167962457923a67.rlib --extern serde=/private/var/folders/cx/c26_xdfx49jglkgh8vhrwp8r0000gn/T/cargo-mutants-oauth-as-gTCCcH.tmp/target/debug/deps/libserde-f4e0b116b888ac03.rlib --extern serde_json=/private/var/folders/cx/c26_xdfx49jglkgh8vhrwp8r0000gn/T/cargo-mutants-oauth-as-gTCCcH.tmp/target/debug/deps/libserde_json-4a18c44b38f643a4.rlib --extern sha2=/private/var/folders/cx/c26_xdfx49jglkgh8vhrwp8r0000gn/T/cargo-mutants-oauth-as-gTCCcH.tmp/target/debug/deps/libsha2-a4761ba26a06a6d3.rlib --extern tokio=/private/var/folders/cx/c26_xdfx49jglkgh8vhrwp8r0000gn/T/cargo-mutants-oauth-as-gTCCcH.tmp/target/debug/deps/libtokio-975ea064f9ad16cc.rlib --extern url=/private/var/folders/cx/c26_xdfx49jglkgh8vhrwp8r0000gn/T/cargo-mutants-oauth-as-gTCCcH.tmp/target/debug/deps/liburl-f82738fbc688e573.rlib -L native=/private/var/folders/cx/c26_xdfx49jglkgh8vhrwp8r0000gn/T/cargo-mutants-oauth-as-gTCCcH.tmp/target/debug/build/aws-lc-sys-ccaea78b23e919d6/out`
     Running `/Users/matthew/.rustup/toolchains/stable-aarch64-apple-darwin/bin/rustc --crate-name rfc_vectors --edition=2021 crates/oauth-as/tests/rfc_vectors.rs --error-format=json --json=diagnostic-rendered-ansi,artifacts,future-incompat --emit=dep-info,link -C embed-bitcode=no -C debuginfo=2 -C split-debuginfo=unpacked --test --cfg 'feature="default"' --check-cfg 'cfg(docsrs,test)' --check-cfg 'cfg(feature, values("default", "http"))' -C metadata=1060357724c4fdf6 -C extra-filename=-e73ed51c862c7bf4 --out-dir /private/var/folders/cx/c26_xdfx49jglkgh8vhrwp8r0000gn/T/cargo-mutants-oauth-as-gTCCcH.tmp/target/debug/deps -C incremental=/private/var/folders/cx/c26_xdfx49jglkgh8vhrwp8r0000gn/T/cargo-mutants-oauth-as-gTCCcH.tmp/target/debug/incremental -L dependency=/private/var/folders/cx/c26_xdfx49jglkgh8vhrwp8r0000gn/T/cargo-mutants-oauth-as-gTCCcH.tmp/target/debug/deps --extern base64=/private/var/folders/cx/c26_xdfx49jglkgh8vhrwp8r0000gn/T/cargo-mutants-oauth-as-gTCCcH.tmp/target/debug/deps/libbase64-71d7ddbe23352509.rlib --extern getrandom=/private/var/folders/cx/c26_xdfx49jglkgh8vhrwp8r0000gn/T/cargo-mutants-oauth-as-gTCCcH.tmp/target/debug/deps/libgetrandom-48898a1b7fae3cc7.rlib --extern http=/private/var/folders/cx/c26_xdfx49jglkgh8vhrwp8r0000gn/T/cargo-mutants-oauth-as-gTCCcH.tmp/target/debug/deps/libhttp-6a5259f6c8199c1e.rlib --extern jsonschema=/private/var/folders/cx/c26_xdfx49jglkgh8vhrwp8r0000gn/T/cargo-mutants-oauth-as-gTCCcH.tmp/target/debug/deps/libjsonschema-84d2ce6e2e585d4b.rlib --extern oauth_as=/private/var/folders/cx/c26_xdfx49jglkgh8vhrwp8r0000gn/T/cargo-mutants-oauth-as-gTCCcH.tmp/target/debug/deps/liboauth_as-8d5cbe8c5a07f8b3.rlib --extern oauth2=/private/var/folders/cx/c26_xdfx49jglkgh8vhrwp8r0000gn/T/cargo-mutants-oauth-as-gTCCcH.tmp/target/debug/deps/liboauth2-3167962457923a67.rlib --extern serde=/private/var/folders/cx/c26_xdfx49jglkgh8vhrwp8r0000gn/T/cargo-mutants-oauth-as-gTCCcH.tmp/target/debug/deps/libserde-f4e0b116b888ac03.rlib --extern serde_json=/private/var/folders/cx/c26_xdfx49jglkgh8vhrwp8r0000gn/T/cargo-mutants-oauth-as-gTCCcH.tmp/target/debug/deps/libserde_json-4a18c44b38f643a4.rlib --extern sha2=/private/var/folders/cx/c26_xdfx49jglkgh8vhrwp8r0000gn/T/cargo-mutants-oauth-as-gTCCcH.tmp/target/debug/deps/libsha2-a4761ba26a06a6d3.rlib --extern tokio=/private/var/folders/cx/c26_xdfx49jglkgh8vhrwp8r0000gn/T/cargo-mutants-oauth-as-gTCCcH.tmp/target/debug/deps/libtokio-975ea064f9ad16cc.rlib --extern url=/private/var/folders/cx/c26_xdfx49jglkgh8vhrwp8r0000gn/T/cargo-mutants-oauth-as-gTCCcH.tmp/target/debug/deps/liburl-f82738fbc688e573.rlib -L native=/private/var/folders/cx/c26_xdfx49jglkgh8vhrwp8r0000gn/T/cargo-mutants-oauth-as-gTCCcH.tmp/target/debug/build/aws-lc-sys-ccaea78b23e919d6/out`
     Running `/Users/matthew/.rustup/toolchains/stable-aarch64-apple-darwin/bin/rustc --crate-name device_flow --edition=2021 crates/oauth-as/tests/device_flow.rs --error-format=json --json=diagnostic-rendered-ansi,artifacts,future-incompat --emit=dep-info,link -C embed-bitcode=no -C debuginfo=2 -C split-debuginfo=unpacked --test --cfg 'feature="default"' --check-cfg 'cfg(docsrs,test)' --check-cfg 'cfg(feature, values("default", "http"))' -C metadata=a7c3023965afda84 -C extra-filename=-84747e18f51386c4 --out-dir /private/var/folders/cx/c26_xdfx49jglkgh8vhrwp8r0000gn/T/cargo-mutants-oauth-as-gTCCcH.tmp/target/debug/deps -C incremental=/private/var/folders/cx/c26_xdfx49jglkgh8vhrwp8r0000gn/T/cargo-mutants-oauth-as-gTCCcH.tmp/target/debug/incremental -L dependency=/private/var/folders/cx/c26_xdfx49jglkgh8vhrwp8r0000gn/T/cargo-mutants-oauth-as-gTCCcH.tmp/target/debug/deps --extern base64=/private/var/folders/cx/c26_xdfx49jglkgh8vhrwp8r0000gn/T/cargo-mutants-oauth-as-gTCCcH.tmp/target/debug/deps/libbase64-71d7ddbe23352509.rlib --extern getrandom=/private/var/folders/cx/c26_xdfx49jglkgh8vhrwp8r0000gn/T/cargo-mutants-oauth-as-gTCCcH.tmp/target/debug/deps/libgetrandom-48898a1b7fae3cc7.rlib --extern http=/private/var/folders/cx/c26_xdfx49jglkgh8vhrwp8r0000gn/T/cargo-mutants-oauth-as-gTCCcH.tmp/target/debug/deps/libhttp-6a5259f6c8199c1e.rlib --extern jsonschema=/private/var/folders/cx/c26_xdfx49jglkgh8vhrwp8r0000gn/T/cargo-mutants-oauth-as-gTCCcH.tmp/target/debug/deps/libjsonschema-84d2ce6e2e585d4b.rlib --extern oauth_as=/private/var/folders/cx/c26_xdfx49jglkgh8vhrwp8r0000gn/T/cargo-mutants-oauth-as-gTCCcH.tmp/target/debug/deps/liboauth_as-8d5cbe8c5a07f8b3.rlib --extern oauth2=/private/var/folders/cx/c26_xdfx49jglkgh8vhrwp8r0000gn/T/cargo-mutants-oauth-as-gTCCcH.tmp/target/debug/deps/liboauth2-3167962457923a67.rlib --extern serde=/private/var/folders/cx/c26_xdfx49jglkgh8vhrwp8r0000gn/T/cargo-mutants-oauth-as-gTCCcH.tmp/target/debug/deps/libserde-f4e0b116b888ac03.rlib --extern serde_json=/private/var/folders/cx/c26_xdfx49jglkgh8vhrwp8r0000gn/T/cargo-mutants-oauth-as-gTCCcH.tmp/target/debug/deps/libserde_json-4a18c44b38f643a4.rlib --extern sha2=/private/var/folders/cx/c26_xdfx49jglkgh8vhrwp8r0000gn/T/cargo-mutants-oauth-as-gTCCcH.tmp/target/debug/deps/libsha2-a4761ba26a06a6d3.rlib --extern tokio=/private/var/folders/cx/c26_xdfx49jglkgh8vhrwp8r0000gn/T/cargo-mutants-oauth-as-gTCCcH.tmp/target/debug/deps/libtokio-975ea064f9ad16cc.rlib --extern url=/private/var/folders/cx/c26_xdfx49jglkgh8vhrwp8r0000gn/T/cargo-mutants-oauth-as-gTCCcH.tmp/target/debug/deps/liburl-f82738fbc688e573.rlib -L native=/private/var/folders/cx/c26_xdfx49jglkgh8vhrwp8r0000gn/T/cargo-mutants-oauth-as-gTCCcH.tmp/target/debug/build/aws-lc-sys-ccaea78b23e919d6/out`
     Running `/Users/matthew/.rustup/toolchains/stable-aarch64-apple-darwin/bin/rustc --crate-name introspection --edition=2021 crates/oauth-as/tests/introspection.rs --error-format=json --json=diagnostic-rendered-ansi,artifacts,future-incompat --emit=dep-info,link -C embed-bitcode=no -C debuginfo=2 -C split-debuginfo=unpacked --test --cfg 'feature="default"' --check-cfg 'cfg(docsrs,test)' --check-cfg 'cfg(feature, values("default", "http"))' -C metadata=ab69b78fd98edec5 -C extra-filename=-86047bc896671860 --out-dir /private/var/folders/cx/c26_xdfx49jglkgh8vhrwp8r0000gn/T/cargo-mutants-oauth-as-gTCCcH.tmp/target/debug/deps -C incremental=/private/var/folders/cx/c26_xdfx49jglkgh8vhrwp8r0000gn/T/cargo-mutants-oauth-as-gTCCcH.tmp/target/debug/incremental -L dependency=/private/var/folders/cx/c26_xdfx49jglkgh8vhrwp8r0000gn/T/cargo-mutants-oauth-as-gTCCcH.tmp/target/debug/deps --extern base64=/private/var/folders/cx/c26_xdfx49jglkgh8vhrwp8r0000gn/T/cargo-mutants-oauth-as-gTCCcH.tmp/target/debug/deps/libbase64-71d7ddbe23352509.rlib --extern getrandom=/private/var/folders/cx/c26_xdfx49jglkgh8vhrwp8r0000gn/T/cargo-mutants-oauth-as-gTCCcH.tmp/target/debug/deps/libgetrandom-48898a1b7fae3cc7.rlib --extern http=/private/var/folders/cx/c26_xdfx49jglkgh8vhrwp8r0000gn/T/cargo-mutants-oauth-as-gTCCcH.tmp/target/debug/deps/libhttp-6a5259f6c8199c1e.rlib --extern jsonschema=/private/var/folders/cx/c26_xdfx49jglkgh8vhrwp8r0000gn/T/cargo-mutants-oauth-as-gTCCcH.tmp/target/debug/deps/libjsonschema-84d2ce6e2e585d4b.rlib --extern oauth_as=/private/var/folders/cx/c26_xdfx49jglkgh8vhrwp8r0000gn/T/cargo-mutants-oauth-as-gTCCcH.tmp/target/debug/deps/liboauth_as-8d5cbe8c5a07f8b3.rlib --extern oauth2=/private/var/folders/cx/c26_xdfx49jglkgh8vhrwp8r0000gn/T/cargo-mutants-oauth-as-gTCCcH.tmp/target/debug/deps/liboauth2-3167962457923a67.rlib --extern serde=/private/var/folders/cx/c26_xdfx49jglkgh8vhrwp8r0000gn/T/cargo-mutants-oauth-as-gTCCcH.tmp/target/debug/deps/libserde-f4e0b116b888ac03.rlib --extern serde_json=/private/var/folders/cx/c26_xdfx49jglkgh8vhrwp8r0000gn/T/cargo-mutants-oauth-as-gTCCcH.tmp/target/debug/deps/libserde_json-4a18c44b38f643a4.rlib --extern sha2=/private/var/folders/cx/c26_xdfx49jglkgh8vhrwp8r0000gn/T/cargo-mutants-oauth-as-gTCCcH.tmp/target/debug/deps/libsha2-a4761ba26a06a6d3.rlib --extern tokio=/private/var/folders/cx/c26_xdfx49jglkgh8vhrwp8r0000gn/T/cargo-mutants-oauth-as-gTCCcH.tmp/target/debug/deps/libtokio-975ea064f9ad16cc.rlib --extern url=/private/var/folders/cx/c26_xdfx49jglkgh8vhrwp8r0000gn/T/cargo-mutants-oauth-as-gTCCcH.tmp/target/debug/deps/liburl-f82738fbc688e573.rlib -L native=/private/var/folders/cx/c26_xdfx49jglkgh8vhrwp8r0000gn/T/cargo-mutants-oauth-as-gTCCcH.tmp/target/debug/build/aws-lc-sys-ccaea78b23e919d6/out`
     Running `/Users/matthew/.rustup/toolchains/stable-aarch64-apple-darwin/bin/rustc --crate-name scope_rules --edition=2021 crates/oauth-as/tests/scope_rules.rs --error-format=json --json=diagnostic-rendered-ansi,artifacts,future-incompat --emit=dep-info,link -C embed-bitcode=no -C debuginfo=2 -C split-debuginfo=unpacked --test --cfg 'feature="default"' --check-cfg 'cfg(docsrs,test)' --check-cfg 'cfg(feature, values("default", "http"))' -C metadata=848f2dc3e374c5e7 -C extra-filename=-9caa620072f4121f --out-dir /private/var/folders/cx/c26_xdfx49jglkgh8vhrwp8r0000gn/T/cargo-mutants-oauth-as-gTCCcH.tmp/target/debug/deps -C incremental=/private/var/folders/cx/c26_xdfx49jglkgh8vhrwp8r0000gn/T/cargo-mutants-oauth-as-gTCCcH.tmp/target/debug/incremental -L dependency=/private/var/folders/cx/c26_xdfx49jglkgh8vhrwp8r0000gn/T/cargo-mutants-oauth-as-gTCCcH.tmp/target/debug/deps --extern base64=/private/var/folders/cx/c26_xdfx49jglkgh8vhrwp8r0000gn/T/cargo-mutants-oauth-as-gTCCcH.tmp/target/debug/deps/libbase64-71d7ddbe23352509.rlib --extern getrandom=/private/var/folders/cx/c26_xdfx49jglkgh8vhrwp8r0000gn/T/cargo-mutants-oauth-as-gTCCcH.tmp/target/debug/deps/libgetrandom-48898a1b7fae3cc7.rlib --extern http=/private/var/folders/cx/c26_xdfx49jglkgh8vhrwp8r0000gn/T/cargo-mutants-oauth-as-gTCCcH.tmp/target/debug/deps/libhttp-6a5259f6c8199c1e.rlib --extern jsonschema=/private/var/folders/cx/c26_xdfx49jglkgh8vhrwp8r0000gn/T/cargo-mutants-oauth-as-gTCCcH.tmp/target/debug/deps/libjsonschema-84d2ce6e2e585d4b.rlib --extern oauth_as=/private/var/folders/cx/c26_xdfx49jglkgh8vhrwp8r0000gn/T/cargo-mutants-oauth-as-gTCCcH.tmp/target/debug/deps/liboauth_as-8d5cbe8c5a07f8b3.rlib --extern oauth2=/private/var/folders/cx/c26_xdfx49jglkgh8vhrwp8r0000gn/T/cargo-mutants-oauth-as-gTCCcH.tmp/target/debug/deps/liboauth2-3167962457923a67.rlib --extern serde=/private/var/folders/cx/c26_xdfx49jglkgh8vhrwp8r0000gn/T/cargo-mutants-oauth-as-gTCCcH.tmp/target/debug/deps/libserde-f4e0b116b888ac03.rlib --extern serde_json=/private/var/folders/cx/c26_xdfx49jglkgh8vhrwp8r0000gn/T/cargo-mutants-oauth-as-gTCCcH.tmp/target/debug/deps/libserde_json-4a18c44b38f643a4.rlib --extern sha2=/private/var/folders/cx/c26_xdfx49jglkgh8vhrwp8r0000gn/T/cargo-mutants-oauth-as-gTCCcH.tmp/target/debug/deps/libsha2-a4761ba26a06a6d3.rlib --extern tokio=/private/var/folders/cx/c26_xdfx49jglkgh8vhrwp8r0000gn/T/cargo-mutants-oauth-as-gTCCcH.tmp/target/debug/deps/libtokio-975ea064f9ad16cc.rlib --extern url=/private/var/folders/cx/c26_xdfx49jglkgh8vhrwp8r0000gn/T/cargo-mutants-oauth-as-gTCCcH.tmp/target/debug/deps/liburl-f82738fbc688e573.rlib -L native=/private/var/folders/cx/c26_xdfx49jglkgh8vhrwp8r0000gn/T/cargo-mutants-oauth-as-gTCCcH.tmp/target/debug/build/aws-lc-sys-ccaea78b23e919d6/out`
     Running `/Users/matthew/.rustup/toolchains/stable-aarch64-apple-darwin/bin/rustc --crate-name revocation_ownership --edition=2021 crates/oauth-as/tests/revocation_ownership.rs --error-format=json --json=diagnostic-rendered-ansi,artifacts,future-incompat --emit=dep-info,link -C embed-bitcode=no -C debuginfo=2 -C split-debuginfo=unpacked --test --cfg 'feature="default"' --check-cfg 'cfg(docsrs,test)' --check-cfg 'cfg(feature, values("default", "http"))' -C metadata=9bf409c0b4e579de -C extra-filename=-8ef8c09c102660a3 --out-dir /private/var/folders/cx/c26_xdfx49jglkgh8vhrwp8r0000gn/T/cargo-mutants-oauth-as-gTCCcH.tmp/target/debug/deps -C incremental=/private/var/folders/cx/c26_xdfx49jglkgh8vhrwp8r0000gn/T/cargo-mutants-oauth-as-gTCCcH.tmp/target/debug/incremental -L dependency=/private/var/folders/cx/c26_xdfx49jglkgh8vhrwp8r0000gn/T/cargo-mutants-oauth-as-gTCCcH.tmp/target/debug/deps --extern base64=/private/var/folders/cx/c26_xdfx49jglkgh8vhrwp8r0000gn/T/cargo-mutants-oauth-as-gTCCcH.tmp/target/debug/deps/libbase64-71d7ddbe23352509.rlib --extern getrandom=/private/var/folders/cx/c26_xdfx49jglkgh8vhrwp8r0000gn/T/cargo-mutants-oauth-as-gTCCcH.tmp/target/debug/deps/libgetrandom-48898a1b7fae3cc7.rlib --extern http=/private/var/folders/cx/c26_xdfx49jglkgh8vhrwp8r0000gn/T/cargo-mutants-oauth-as-gTCCcH.tmp/target/debug/deps/libhttp-6a5259f6c8199c1e.rlib --extern jsonschema=/private/var/folders/cx/c26_xdfx49jglkgh8vhrwp8r0000gn/T/cargo-mutants-oauth-as-gTCCcH.tmp/target/debug/deps/libjsonschema-84d2ce6e2e585d4b.rlib --extern oauth_as=/private/var/folders/cx/c26_xdfx49jglkgh8vhrwp8r0000gn/T/cargo-mutants-oauth-as-gTCCcH.tmp/target/debug/deps/liboauth_as-8d5cbe8c5a07f8b3.rlib --extern oauth2=/private/var/folders/cx/c26_xdfx49jglkgh8vhrwp8r0000gn/T/cargo-mutants-oauth-as-gTCCcH.tmp/target/debug/deps/liboauth2-3167962457923a67.rlib --extern serde=/private/var/folders/cx/c26_xdfx49jglkgh8vhrwp8r0000gn/T/cargo-mutants-oauth-as-gTCCcH.tmp/target/debug/deps/libserde-f4e0b116b888ac03.rlib --extern serde_json=/private/var/folders/cx/c26_xdfx49jglkgh8vhrwp8r0000gn/T/cargo-mutants-oauth-as-gTCCcH.tmp/target/debug/deps/libserde_json-4a18c44b38f643a4.rlib --extern sha2=/private/var/folders/cx/c26_xdfx49jglkgh8vhrwp8r0000gn/T/cargo-mutants-oauth-as-gTCCcH.tmp/target/debug/deps/libsha2-a4761ba26a06a6d3.rlib --extern tokio=/private/var/folders/cx/c26_xdfx49jglkgh8vhrwp8r0000gn/T/cargo-mutants-oauth-as-gTCCcH.tmp/target/debug/deps/libtokio-975ea064f9ad16cc.rlib --extern url=/private/var/folders/cx/c26_xdfx49jglkgh8vhrwp8r0000gn/T/cargo-mutants-oauth-as-gTCCcH.tmp/target/debug/deps/liburl-f82738fbc688e573.rlib -L native=/private/var/folders/cx/c26_xdfx49jglkgh8vhrwp8r0000gn/T/cargo-mutants-oauth-as-gTCCcH.tmp/target/debug/build/aws-lc-sys-ccaea78b23e919d6/out`
     Running `/Users/matthew/.rustup/toolchains/stable-aarch64-apple-darwin/bin/rustc --crate-name http_surface --edition=2021 crates/oauth-as/tests/http_surface.rs --error-format=json --json=diagnostic-rendered-ansi,artifacts,future-incompat --emit=dep-info,link -C embed-bitcode=no -C debuginfo=2 -C split-debuginfo=unpacked --test --cfg 'feature="default"' --check-cfg 'cfg(docsrs,test)' --check-cfg 'cfg(feature, values("default", "http"))' -C metadata=1b6ef1cab3649530 -C extra-filename=-d17e4a5550ec06b2 --out-dir /private/var/folders/cx/c26_xdfx49jglkgh8vhrwp8r0000gn/T/cargo-mutants-oauth-as-gTCCcH.tmp/target/debug/deps -C incremental=/private/var/folders/cx/c26_xdfx49jglkgh8vhrwp8r0000gn/T/cargo-mutants-oauth-as-gTCCcH.tmp/target/debug/incremental -L dependency=/private/var/folders/cx/c26_xdfx49jglkgh8vhrwp8r0000gn/T/cargo-mutants-oauth-as-gTCCcH.tmp/target/debug/deps --extern base64=/private/var/folders/cx/c26_xdfx49jglkgh8vhrwp8r0000gn/T/cargo-mutants-oauth-as-gTCCcH.tmp/target/debug/deps/libbase64-71d7ddbe23352509.rlib --extern getrandom=/private/var/folders/cx/c26_xdfx49jglkgh8vhrwp8r0000gn/T/cargo-mutants-oauth-as-gTCCcH.tmp/target/debug/deps/libgetrandom-48898a1b7fae3cc7.rlib --extern http=/private/var/folders/cx/c26_xdfx49jglkgh8vhrwp8r0000gn/T/cargo-mutants-oauth-as-gTCCcH.tmp/target/debug/deps/libhttp-6a5259f6c8199c1e.rlib --extern jsonschema=/private/var/folders/cx/c26_xdfx49jglkgh8vhrwp8r0000gn/T/cargo-mutants-oauth-as-gTCCcH.tmp/target/debug/deps/libjsonschema-84d2ce6e2e585d4b.rlib --extern oauth_as=/private/var/folders/cx/c26_xdfx49jglkgh8vhrwp8r0000gn/T/cargo-mutants-oauth-as-gTCCcH.tmp/target/debug/deps/liboauth_as-8d5cbe8c5a07f8b3.rlib --extern oauth2=/private/var/folders/cx/c26_xdfx49jglkgh8vhrwp8r0000gn/T/cargo-mutants-oauth-as-gTCCcH.tmp/target/debug/deps/liboauth2-3167962457923a67.rlib --extern serde=/private/var/folders/cx/c26_xdfx49jglkgh8vhrwp8r0000gn/T/cargo-mutants-oauth-as-gTCCcH.tmp/target/debug/deps/libserde-f4e0b116b888ac03.rlib --extern serde_json=/private/var/folders/cx/c26_xdfx49jglkgh8vhrwp8r0000gn/T/cargo-mutants-oauth-as-gTCCcH.tmp/target/debug/deps/libserde_json-4a18c44b38f643a4.rlib --extern sha2=/private/var/folders/cx/c26_xdfx49jglkgh8vhrwp8r0000gn/T/cargo-mutants-oauth-as-gTCCcH.tmp/target/debug/deps/libsha2-a4761ba26a06a6d3.rlib --extern tokio=/private/var/folders/cx/c26_xdfx49jglkgh8vhrwp8r0000gn/T/cargo-mutants-oauth-as-gTCCcH.tmp/target/debug/deps/libtokio-975ea064f9ad16cc.rlib --extern url=/private/var/folders/cx/c26_xdfx49jglkgh8vhrwp8r0000gn/T/cargo-mutants-oauth-as-gTCCcH.tmp/target/debug/deps/liburl-f82738fbc688e573.rlib -L native=/private/var/folders/cx/c26_xdfx49jglkgh8vhrwp8r0000gn/T/cargo-mutants-oauth-as-gTCCcH.tmp/target/debug/build/aws-lc-sys-ccaea78b23e919d6/out`
     Running `/Users/matthew/.rustup/toolchains/stable-aarch64-apple-darwin/bin/rustc --crate-name third_party_client --edition=2021 crates/oauth-as/tests/third_party_client.rs --error-format=json --json=diagnostic-rendered-ansi,artifacts,future-incompat --emit=dep-info,link -C embed-bitcode=no -C debuginfo=2 -C split-debuginfo=unpacked --test --cfg 'feature="default"' --check-cfg 'cfg(docsrs,test)' --check-cfg 'cfg(feature, values("default", "http"))' -C metadata=d5601f4cdede1c88 -C extra-filename=-50233b1a764d71ca --out-dir /private/var/folders/cx/c26_xdfx49jglkgh8vhrwp8r0000gn/T/cargo-mutants-oauth-as-gTCCcH.tmp/target/debug/deps -C incremental=/private/var/folders/cx/c26_xdfx49jglkgh8vhrwp8r0000gn/T/cargo-mutants-oauth-as-gTCCcH.tmp/target/debug/incremental -L dependency=/private/var/folders/cx/c26_xdfx49jglkgh8vhrwp8r0000gn/T/cargo-mutants-oauth-as-gTCCcH.tmp/target/debug/deps --extern base64=/private/var/folders/cx/c26_xdfx49jglkgh8vhrwp8r0000gn/T/cargo-mutants-oauth-as-gTCCcH.tmp/target/debug/deps/libbase64-71d7ddbe23352509.rlib --extern getrandom=/private/var/folders/cx/c26_xdfx49jglkgh8vhrwp8r0000gn/T/cargo-mutants-oauth-as-gTCCcH.tmp/target/debug/deps/libgetrandom-48898a1b7fae3cc7.rlib --extern http=/private/var/folders/cx/c26_xdfx49jglkgh8vhrwp8r0000gn/T/cargo-mutants-oauth-as-gTCCcH.tmp/target/debug/deps/libhttp-6a5259f6c8199c1e.rlib --extern jsonschema=/private/var/folders/cx/c26_xdfx49jglkgh8vhrwp8r0000gn/T/cargo-mutants-oauth-as-gTCCcH.tmp/target/debug/deps/libjsonschema-84d2ce6e2e585d4b.rlib --extern oauth_as=/private/var/folders/cx/c26_xdfx49jglkgh8vhrwp8r0000gn/T/cargo-mutants-oauth-as-gTCCcH.tmp/target/debug/deps/liboauth_as-8d5cbe8c5a07f8b3.rlib --extern oauth2=/private/var/folders/cx/c26_xdfx49jglkgh8vhrwp8r0000gn/T/cargo-mutants-oauth-as-gTCCcH.tmp/target/debug/deps/liboauth2-3167962457923a67.rlib --extern serde=/private/var/folders/cx/c26_xdfx49jglkgh8vhrwp8r0000gn/T/cargo-mutants-oauth-as-gTCCcH.tmp/target/debug/deps/libserde-f4e0b116b888ac03.rlib --extern serde_json=/private/var/folders/cx/c26_xdfx49jglkgh8vhrwp8r0000gn/T/cargo-mutants-oauth-as-gTCCcH.tmp/target/debug/deps/libserde_json-4a18c44b38f643a4.rlib --extern sha2=/private/var/folders/cx/c26_xdfx49jglkgh8vhrwp8r0000gn/T/cargo-mutants-oauth-as-gTCCcH.tmp/target/debug/deps/libsha2-a4761ba26a06a6d3.rlib --extern tokio=/private/var/folders/cx/c26_xdfx49jglkgh8vhrwp8r0000gn/T/cargo-mutants-oauth-as-gTCCcH.tmp/target/debug/deps/libtokio-975ea064f9ad16cc.rlib --extern url=/private/var/folders/cx/c26_xdfx49jglkgh8vhrwp8r0000gn/T/cargo-mutants-oauth-as-gTCCcH.tmp/target/debug/deps/liburl-f82738fbc688e573.rlib -L native=/private/var/folders/cx/c26_xdfx49jglkgh8vhrwp8r0000gn/T/cargo-mutants-oauth-as-gTCCcH.tmp/target/debug/build/aws-lc-sys-ccaea78b23e919d6/out`
     Running `/Users/matthew/.rustup/toolchains/stable-aarch64-apple-darwin/bin/rustc --crate-name refresh_reuse --edition=2021 crates/oauth-as/tests/refresh_reuse.rs --error-format=json --json=diagnostic-rendered-ansi,artifacts,future-incompat --emit=dep-info,link -C embed-bitcode=no -C debuginfo=2 -C split-debuginfo=unpacked --test --cfg 'feature="default"' --check-cfg 'cfg(docsrs,test)' --check-cfg 'cfg(feature, values("default", "http"))' -C metadata=a3be7a11a140265a -C extra-filename=-07146c86e4c2c697 --out-dir /private/var/folders/cx/c26_xdfx49jglkgh8vhrwp8r0000gn/T/cargo-mutants-oauth-as-gTCCcH.tmp/target/debug/deps -C incremental=/private/var/folders/cx/c26_xdfx49jglkgh8vhrwp8r0000gn/T/cargo-mutants-oauth-as-gTCCcH.tmp/target/debug/incremental -L dependency=/private/var/folders/cx/c26_xdfx49jglkgh8vhrwp8r0000gn/T/cargo-mutants-oauth-as-gTCCcH.tmp/target/debug/deps --extern base64=/private/var/folders/cx/c26_xdfx49jglkgh8vhrwp8r0000gn/T/cargo-mutants-oauth-as-gTCCcH.tmp/target/debug/deps/libbase64-71d7ddbe23352509.rlib --extern getrandom=/private/var/folders/cx/c26_xdfx49jglkgh8vhrwp8r0000gn/T/cargo-mutants-oauth-as-gTCCcH.tmp/target/debug/deps/libgetrandom-48898a1b7fae3cc7.rlib --extern http=/private/var/folders/cx/c26_xdfx49jglkgh8vhrwp8r0000gn/T/cargo-mutants-oauth-as-gTCCcH.tmp/target/debug/deps/libhttp-6a5259f6c8199c1e.rlib --extern jsonschema=/private/var/folders/cx/c26_xdfx49jglkgh8vhrwp8r0000gn/T/cargo-mutants-oauth-as-gTCCcH.tmp/target/debug/deps/libjsonschema-84d2ce6e2e585d4b.rlib --extern oauth_as=/private/var/folders/cx/c26_xdfx49jglkgh8vhrwp8r0000gn/T/cargo-mutants-oauth-as-gTCCcH.tmp/target/debug/deps/liboauth_as-8d5cbe8c5a07f8b3.rlib --extern oauth2=/private/var/folders/cx/c26_xdfx49jglkgh8vhrwp8r0000gn/T/cargo-mutants-oauth-as-gTCCcH.tmp/target/debug/deps/liboauth2-3167962457923a67.rlib --extern serde=/private/var/folders/cx/c26_xdfx49jglkgh8vhrwp8r0000gn/T/cargo-mutants-oauth-as-gTCCcH.tmp/target/debug/deps/libserde-f4e0b116b888ac03.rlib --extern serde_json=/private/var/folders/cx/c26_xdfx49jglkgh8vhrwp8r0000gn/T/cargo-mutants-oauth-as-gTCCcH.tmp/target/debug/deps/libserde_json-4a18c44b38f643a4.rlib --extern sha2=/private/var/folders/cx/c26_xdfx49jglkgh8vhrwp8r0000gn/T/cargo-mutants-oauth-as-gTCCcH.tmp/target/debug/deps/libsha2-a4761ba26a06a6d3.rlib --extern tokio=/private/var/folders/cx/c26_xdfx49jglkgh8vhrwp8r0000gn/T/cargo-mutants-oauth-as-gTCCcH.tmp/target/debug/deps/libtokio-975ea064f9ad16cc.rlib --extern url=/private/var/folders/cx/c26_xdfx49jglkgh8vhrwp8r0000gn/T/cargo-mutants-oauth-as-gTCCcH.tmp/target/debug/deps/liburl-f82738fbc688e573.rlib -L native=/private/var/folders/cx/c26_xdfx49jglkgh8vhrwp8r0000gn/T/cargo-mutants-oauth-as-gTCCcH.tmp/target/debug/build/aws-lc-sys-ccaea78b23e919d6/out`
     Running `/Users/matthew/.rustup/toolchains/stable-aarch64-apple-darwin/bin/rustc --crate-name device_flow_edges --edition=2021 crates/oauth-as/tests/device_flow_edges.rs --error-format=json --json=diagnostic-rendered-ansi,artifacts,future-incompat --emit=dep-info,link -C embed-bitcode=no -C debuginfo=2 -C split-debuginfo=unpacked --test --cfg 'feature="default"' --check-cfg 'cfg(docsrs,test)' --check-cfg 'cfg(feature, values("default", "http"))' -C metadata=de3ffb6f80e857fe -C extra-filename=-1ccd078a042aaa7e --out-dir /private/var/folders/cx/c26_xdfx49jglkgh8vhrwp8r0000gn/T/cargo-mutants-oauth-as-gTCCcH.tmp/target/debug/deps -C incremental=/private/var/folders/cx/c26_xdfx49jglkgh8vhrwp8r0000gn/T/cargo-mutants-oauth-as-gTCCcH.tmp/target/debug/incremental -L dependency=/private/var/folders/cx/c26_xdfx49jglkgh8vhrwp8r0000gn/T/cargo-mutants-oauth-as-gTCCcH.tmp/target/debug/deps --extern base64=/private/var/folders/cx/c26_xdfx49jglkgh8vhrwp8r0000gn/T/cargo-mutants-oauth-as-gTCCcH.tmp/target/debug/deps/libbase64-71d7ddbe23352509.rlib --extern getrandom=/private/var/folders/cx/c26_xdfx49jglkgh8vhrwp8r0000gn/T/cargo-mutants-oauth-as-gTCCcH.tmp/target/debug/deps/libgetrandom-48898a1b7fae3cc7.rlib --extern http=/private/var/folders/cx/c26_xdfx49jglkgh8vhrwp8r0000gn/T/cargo-mutants-oauth-as-gTCCcH.tmp/target/debug/deps/libhttp-6a5259f6c8199c1e.rlib --extern jsonschema=/private/var/folders/cx/c26_xdfx49jglkgh8vhrwp8r0000gn/T/cargo-mutants-oauth-as-gTCCcH.tmp/target/debug/deps/libjsonschema-84d2ce6e2e585d4b.rlib --extern oauth_as=/private/var/folders/cx/c26_xdfx49jglkgh8vhrwp8r0000gn/T/cargo-mutants-oauth-as-gTCCcH.tmp/target/debug/deps/liboauth_as-8d5cbe8c5a07f8b3.rlib --extern oauth2=/private/var/folders/cx/c26_xdfx49jglkgh8vhrwp8r0000gn/T/cargo-mutants-oauth-as-gTCCcH.tmp/target/debug/deps/liboauth2-3167962457923a67.rlib --extern serde=/private/var/folders/cx/c26_xdfx49jglkgh8vhrwp8r0000gn/T/cargo-mutants-oauth-as-gTCCcH.tmp/target/debug/deps/libserde-f4e0b116b888ac03.rlib --extern serde_json=/private/var/folders/cx/c26_xdfx49jglkgh8vhrwp8r0000gn/T/cargo-mutants-oauth-as-gTCCcH.tmp/target/debug/deps/libserde_json-4a18c44b38f643a4.rlib --extern sha2=/private/var/folders/cx/c26_xdfx49jglkgh8vhrwp8r0000gn/T/cargo-mutants-oauth-as-gTCCcH.tmp/target/debug/deps/libsha2-a4761ba26a06a6d3.rlib --extern tokio=/private/var/folders/cx/c26_xdfx49jglkgh8vhrwp8r0000gn/T/cargo-mutants-oauth-as-gTCCcH.tmp/target/debug/deps/libtokio-975ea064f9ad16cc.rlib --extern url=/private/var/folders/cx/c26_xdfx49jglkgh8vhrwp8r0000gn/T/cargo-mutants-oauth-as-gTCCcH.tmp/target/debug/deps/liburl-f82738fbc688e573.rlib -L native=/private/var/folders/cx/c26_xdfx49jglkgh8vhrwp8r0000gn/T/cargo-mutants-oauth-as-gTCCcH.tmp/target/debug/build/aws-lc-sys-ccaea78b23e919d6/out`
     Running `/Users/matthew/.rustup/toolchains/stable-aarch64-apple-darwin/bin/rustc --crate-name constant_time --edition=2021 crates/oauth-as/tests/constant_time.rs --error-format=json --json=diagnostic-rendered-ansi,artifacts,future-incompat --emit=dep-info,link -C embed-bitcode=no -C debuginfo=2 -C split-debuginfo=unpacked --test --cfg 'feature="default"' --check-cfg 'cfg(docsrs,test)' --check-cfg 'cfg(feature, values("default", "http"))' -C metadata=50bb2d9a4e54f314 -C extra-filename=-1d0c0fd06d87fb63 --out-dir /private/var/folders/cx/c26_xdfx49jglkgh8vhrwp8r0000gn/T/cargo-mutants-oauth-as-gTCCcH.tmp/target/debug/deps -C incremental=/private/var/folders/cx/c26_xdfx49jglkgh8vhrwp8r0000gn/T/cargo-mutants-oauth-as-gTCCcH.tmp/target/debug/incremental -L dependency=/private/var/folders/cx/c26_xdfx49jglkgh8vhrwp8r0000gn/T/cargo-mutants-oauth-as-gTCCcH.tmp/target/debug/deps --extern base64=/private/var/folders/cx/c26_xdfx49jglkgh8vhrwp8r0000gn/T/cargo-mutants-oauth-as-gTCCcH.tmp/target/debug/deps/libbase64-71d7ddbe23352509.rlib --extern getrandom=/private/var/folders/cx/c26_xdfx49jglkgh8vhrwp8r0000gn/T/cargo-mutants-oauth-as-gTCCcH.tmp/target/debug/deps/libgetrandom-48898a1b7fae3cc7.rlib --extern http=/private/var/folders/cx/c26_xdfx49jglkgh8vhrwp8r0000gn/T/cargo-mutants-oauth-as-gTCCcH.tmp/target/debug/deps/libhttp-6a5259f6c8199c1e.rlib --extern jsonschema=/private/var/folders/cx/c26_xdfx49jglkgh8vhrwp8r0000gn/T/cargo-mutants-oauth-as-gTCCcH.tmp/target/debug/deps/libjsonschema-84d2ce6e2e585d4b.rlib --extern oauth_as=/private/var/folders/cx/c26_xdfx49jglkgh8vhrwp8r0000gn/T/cargo-mutants-oauth-as-gTCCcH.tmp/target/debug/deps/liboauth_as-8d5cbe8c5a07f8b3.rlib --extern oauth2=/private/var/folders/cx/c26_xdfx49jglkgh8vhrwp8r0000gn/T/cargo-mutants-oauth-as-gTCCcH.tmp/target/debug/deps/liboauth2-3167962457923a67.rlib --extern serde=/private/var/folders/cx/c26_xdfx49jglkgh8vhrwp8r0000gn/T/cargo-mutants-oauth-as-gTCCcH.tmp/target/debug/deps/libserde-f4e0b116b888ac03.rlib --extern serde_json=/private/var/folders/cx/c26_xdfx49jglkgh8vhrwp8r0000gn/T/cargo-mutants-oauth-as-gTCCcH.tmp/target/debug/deps/libserde_json-4a18c44b38f643a4.rlib --extern sha2=/private/var/folders/cx/c26_xdfx49jglkgh8vhrwp8r0000gn/T/cargo-mutants-oauth-as-gTCCcH.tmp/target/debug/deps/libsha2-a4761ba26a06a6d3.rlib --extern tokio=/private/var/folders/cx/c26_xdfx49jglkgh8vhrwp8r0000gn/T/cargo-mutants-oauth-as-gTCCcH.tmp/target/debug/deps/libtokio-975ea064f9ad16cc.rlib --extern url=/private/var/folders/cx/c26_xdfx49jglkgh8vhrwp8r0000gn/T/cargo-mutants-oauth-as-gTCCcH.tmp/target/debug/deps/liburl-f82738fbc688e573.rlib -L native=/private/var/folders/cx/c26_xdfx49jglkgh8vhrwp8r0000gn/T/cargo-mutants-oauth-as-gTCCcH.tmp/target/debug/build/aws-lc-sys-ccaea78b23e919d6/out`
     Running `/Users/matthew/.rustup/toolchains/stable-aarch64-apple-darwin/bin/rustc --crate-name authorization_code --edition=2021 crates/oauth-as/tests/authorization_code.rs --error-format=json --json=diagnostic-rendered-ansi,artifacts,future-incompat --emit=dep-info,link -C embed-bitcode=no -C debuginfo=2 -C split-debuginfo=unpacked --test --cfg 'feature="default"' --check-cfg 'cfg(docsrs,test)' --check-cfg 'cfg(feature, values("default", "http"))' -C metadata=234ed00aeda632dd -C extra-filename=-346d6ba61f1f207c --out-dir /private/var/folders/cx/c26_xdfx49jglkgh8vhrwp8r0000gn/T/cargo-mutants-oauth-as-gTCCcH.tmp/target/debug/deps -C incremental=/private/var/folders/cx/c26_xdfx49jglkgh8vhrwp8r0000gn/T/cargo-mutants-oauth-as-gTCCcH.tmp/target/debug/incremental -L dependency=/private/var/folders/cx/c26_xdfx49jglkgh8vhrwp8r0000gn/T/cargo-mutants-oauth-as-gTCCcH.tmp/target/debug/deps --extern base64=/private/var/folders/cx/c26_xdfx49jglkgh8vhrwp8r0000gn/T/cargo-mutants-oauth-as-gTCCcH.tmp/target/debug/deps/libbase64-71d7ddbe23352509.rlib --extern getrandom=/private/var/folders/cx/c26_xdfx49jglkgh8vhrwp8r0000gn/T/cargo-mutants-oauth-as-gTCCcH.tmp/target/debug/deps/libgetrandom-48898a1b7fae3cc7.rlib --extern http=/private/var/folders/cx/c26_xdfx49jglkgh8vhrwp8r0000gn/T/cargo-mutants-oauth-as-gTCCcH.tmp/target/debug/deps/libhttp-6a5259f6c8199c1e.rlib --extern jsonschema=/private/var/folders/cx/c26_xdfx49jglkgh8vhrwp8r0000gn/T/cargo-mutants-oauth-as-gTCCcH.tmp/target/debug/deps/libjsonschema-84d2ce6e2e585d4b.rlib --extern oauth_as=/private/var/folders/cx/c26_xdfx49jglkgh8vhrwp8r0000gn/T/cargo-mutants-oauth-as-gTCCcH.tmp/target/debug/deps/liboauth_as-8d5cbe8c5a07f8b3.rlib --extern oauth2=/private/var/folders/cx/c26_xdfx49jglkgh8vhrwp8r0000gn/T/cargo-mutants-oauth-as-gTCCcH.tmp/target/debug/deps/liboauth2-3167962457923a67.rlib --extern serde=/private/var/folders/cx/c26_xdfx49jglkgh8vhrwp8r0000gn/T/cargo-mutants-oauth-as-gTCCcH.tmp/target/debug/deps/libserde-f4e0b116b888ac03.rlib --extern serde_json=/private/var/folders/cx/c26_xdfx49jglkgh8vhrwp8r0000gn/T/cargo-mutants-oauth-as-gTCCcH.tmp/target/debug/deps/libserde_json-4a18c44b38f643a4.rlib --extern sha2=/private/var/folders/cx/c26_xdfx49jglkgh8vhrwp8r0000gn/T/cargo-mutants-oauth-as-gTCCcH.tmp/target/debug/deps/libsha2-a4761ba26a06a6d3.rlib --extern tokio=/private/var/folders/cx/c26_xdfx49jglkgh8vhrwp8r0000gn/T/cargo-mutants-oauth-as-gTCCcH.tmp/target/debug/deps/libtokio-975ea064f9ad16cc.rlib --extern url=/private/var/folders/cx/c26_xdfx49jglkgh8vhrwp8r0000gn/T/cargo-mutants-oauth-as-gTCCcH.tmp/target/debug/deps/liburl-f82738fbc688e573.rlib -L native=/private/var/folders/cx/c26_xdfx49jglkgh8vhrwp8r0000gn/T/cargo-mutants-oauth-as-gTCCcH.tmp/target/debug/build/aws-lc-sys-ccaea78b23e919d6/out`
     Running `/Users/matthew/.rustup/toolchains/stable-aarch64-apple-darwin/bin/rustc --crate-name allocation --edition=2021 crates/oauth-as/tests/allocation.rs --error-format=json --json=diagnostic-rendered-ansi,artifacts,future-incompat --emit=dep-info,link -C embed-bitcode=no -C debuginfo=2 -C split-debuginfo=unpacked --test --cfg 'feature="default"' --check-cfg 'cfg(docsrs,test)' --check-cfg 'cfg(feature, values("default", "http"))' -C metadata=9e2a3f4ffa7f04ed -C extra-filename=-3498a85230b42ef6 --out-dir /private/var/folders/cx/c26_xdfx49jglkgh8vhrwp8r0000gn/T/cargo-mutants-oauth-as-gTCCcH.tmp/target/debug/deps -C incremental=/private/var/folders/cx/c26_xdfx49jglkgh8vhrwp8r0000gn/T/cargo-mutants-oauth-as-gTCCcH.tmp/target/debug/incremental -L dependency=/private/var/folders/cx/c26_xdfx49jglkgh8vhrwp8r0000gn/T/cargo-mutants-oauth-as-gTCCcH.tmp/target/debug/deps --extern base64=/private/var/folders/cx/c26_xdfx49jglkgh8vhrwp8r0000gn/T/cargo-mutants-oauth-as-gTCCcH.tmp/target/debug/deps/libbase64-71d7ddbe23352509.rlib --extern getrandom=/private/var/folders/cx/c26_xdfx49jglkgh8vhrwp8r0000gn/T/cargo-mutants-oauth-as-gTCCcH.tmp/target/debug/deps/libgetrandom-48898a1b7fae3cc7.rlib --extern http=/private/var/folders/cx/c26_xdfx49jglkgh8vhrwp8r0000gn/T/cargo-mutants-oauth-as-gTCCcH.tmp/target/debug/deps/libhttp-6a5259f6c8199c1e.rlib --extern jsonschema=/private/var/folders/cx/c26_xdfx49jglkgh8vhrwp8r0000gn/T/cargo-mutants-oauth-as-gTCCcH.tmp/target/debug/deps/libjsonschema-84d2ce6e2e585d4b.rlib --extern oauth_as=/private/var/folders/cx/c26_xdfx49jglkgh8vhrwp8r0000gn/T/cargo-mutants-oauth-as-gTCCcH.tmp/target/debug/deps/liboauth_as-8d5cbe8c5a07f8b3.rlib --extern oauth2=/private/var/folders/cx/c26_xdfx49jglkgh8vhrwp8r0000gn/T/cargo-mutants-oauth-as-gTCCcH.tmp/target/debug/deps/liboauth2-3167962457923a67.rlib --extern serde=/private/var/folders/cx/c26_xdfx49jglkgh8vhrwp8r0000gn/T/cargo-mutants-oauth-as-gTCCcH.tmp/target/debug/deps/libserde-f4e0b116b888ac03.rlib --extern serde_json=/private/var/folders/cx/c26_xdfx49jglkgh8vhrwp8r0000gn/T/cargo-mutants-oauth-as-gTCCcH.tmp/target/debug/deps/libserde_json-4a18c44b38f643a4.rlib --extern sha2=/private/var/folders/cx/c26_xdfx49jglkgh8vhrwp8r0000gn/T/cargo-mutants-oauth-as-gTCCcH.tmp/target/debug/deps/libsha2-a4761ba26a06a6d3.rlib --extern tokio=/private/var/folders/cx/c26_xdfx49jglkgh8vhrwp8r0000gn/T/cargo-mutants-oauth-as-gTCCcH.tmp/target/debug/deps/libtokio-975ea064f9ad16cc.rlib --extern url=/private/var/folders/cx/c26_xdfx49jglkgh8vhrwp8r0000gn/T/cargo-mutants-oauth-as-gTCCcH.tmp/target/debug/deps/liburl-f82738fbc688e573.rlib -L native=/private/var/folders/cx/c26_xdfx49jglkgh8vhrwp8r0000gn/T/cargo-mutants-oauth-as-gTCCcH.tmp/target/debug/build/aws-lc-sys-ccaea78b23e919d6/out`
     Running `/Users/matthew/.rustup/toolchains/stable-aarch64-apple-darwin/bin/rustc --crate-name code_replay_ordering --edition=2021 crates/oauth-as/tests/code_replay_ordering.rs --error-format=json --json=diagnostic-rendered-ansi,artifacts,future-incompat --emit=dep-info,link -C embed-bitcode=no -C debuginfo=2 -C split-debuginfo=unpacked --test --cfg 'feature="default"' --check-cfg 'cfg(docsrs,test)' --check-cfg 'cfg(feature, values("default", "http"))' -C metadata=ae8e5f7d45cf5ea8 -C extra-filename=-eb5d8fb6758ce4ca --out-dir /private/var/folders/cx/c26_xdfx49jglkgh8vhrwp8r0000gn/T/cargo-mutants-oauth-as-gTCCcH.tmp/target/debug/deps -C incremental=/private/var/folders/cx/c26_xdfx49jglkgh8vhrwp8r0000gn/T/cargo-mutants-oauth-as-gTCCcH.tmp/target/debug/incremental -L dependency=/private/var/folders/cx/c26_xdfx49jglkgh8vhrwp8r0000gn/T/cargo-mutants-oauth-as-gTCCcH.tmp/target/debug/deps --extern base64=/private/var/folders/cx/c26_xdfx49jglkgh8vhrwp8r0000gn/T/cargo-mutants-oauth-as-gTCCcH.tmp/target/debug/deps/libbase64-71d7ddbe23352509.rlib --extern getrandom=/private/var/folders/cx/c26_xdfx49jglkgh8vhrwp8r0000gn/T/cargo-mutants-oauth-as-gTCCcH.tmp/target/debug/deps/libgetrandom-48898a1b7fae3cc7.rlib --extern http=/private/var/folders/cx/c26_xdfx49jglkgh8vhrwp8r0000gn/T/cargo-mutants-oauth-as-gTCCcH.tmp/target/debug/deps/libhttp-6a5259f6c8199c1e.rlib --extern jsonschema=/private/var/folders/cx/c26_xdfx49jglkgh8vhrwp8r0000gn/T/cargo-mutants-oauth-as-gTCCcH.tmp/target/debug/deps/libjsonschema-84d2ce6e2e585d4b.rlib --extern oauth_as=/private/var/folders/cx/c26_xdfx49jglkgh8vhrwp8r0000gn/T/cargo-mutants-oauth-as-gTCCcH.tmp/target/debug/deps/liboauth_as-8d5cbe8c5a07f8b3.rlib --extern oauth2=/private/var/folders/cx/c26_xdfx49jglkgh8vhrwp8r0000gn/T/cargo-mutants-oauth-as-gTCCcH.tmp/target/debug/deps/liboauth2-3167962457923a67.rlib --extern serde=/private/var/folders/cx/c26_xdfx49jglkgh8vhrwp8r0000gn/T/cargo-mutants-oauth-as-gTCCcH.tmp/target/debug/deps/libserde-f4e0b116b888ac03.rlib --extern serde_json=/private/var/folders/cx/c26_xdfx49jglkgh8vhrwp8r0000gn/T/cargo-mutants-oauth-as-gTCCcH.tmp/target/debug/deps/libserde_json-4a18c44b38f643a4.rlib --extern sha2=/private/var/folders/cx/c26_xdfx49jglkgh8vhrwp8r0000gn/T/cargo-mutants-oauth-as-gTCCcH.tmp/target/debug/deps/libsha2-a4761ba26a06a6d3.rlib --extern tokio=/private/var/folders/cx/c26_xdfx49jglkgh8vhrwp8r0000gn/T/cargo-mutants-oauth-as-gTCCcH.tmp/target/debug/deps/libtokio-975ea064f9ad16cc.rlib --extern url=/private/var/folders/cx/c26_xdfx49jglkgh8vhrwp8r0000gn/T/cargo-mutants-oauth-as-gTCCcH.tmp/target/debug/deps/liburl-f82738fbc688e573.rlib -L native=/private/var/folders/cx/c26_xdfx49jglkgh8vhrwp8r0000gn/T/cargo-mutants-oauth-as-gTCCcH.tmp/target/debug/build/aws-lc-sys-ccaea78b23e919d6/out`
     Running `/Users/matthew/.rustup/toolchains/stable-aarch64-apple-darwin/bin/rustc --crate-name authorization_request_parsing --edition=2021 crates/oauth-as/tests/authorization_request_parsing.rs --error-format=json --json=diagnostic-rendered-ansi,artifacts,future-incompat --emit=dep-info,link -C embed-bitcode=no -C debuginfo=2 -C split-debuginfo=unpacked --test --cfg 'feature="default"' --check-cfg 'cfg(docsrs,test)' --check-cfg 'cfg(feature, values("default", "http"))' -C metadata=6ab7bd249d0f2a23 -C extra-filename=-ef96e3b772502c3d --out-dir /private/var/folders/cx/c26_xdfx49jglkgh8vhrwp8r0000gn/T/cargo-mutants-oauth-as-gTCCcH.tmp/target/debug/deps -C incremental=/private/var/folders/cx/c26_xdfx49jglkgh8vhrwp8r0000gn/T/cargo-mutants-oauth-as-gTCCcH.tmp/target/debug/incremental -L dependency=/private/var/folders/cx/c26_xdfx49jglkgh8vhrwp8r0000gn/T/cargo-mutants-oauth-as-gTCCcH.tmp/target/debug/deps --extern base64=/private/var/folders/cx/c26_xdfx49jglkgh8vhrwp8r0000gn/T/cargo-mutants-oauth-as-gTCCcH.tmp/target/debug/deps/libbase64-71d7ddbe23352509.rlib --extern getrandom=/private/var/folders/cx/c26_xdfx49jglkgh8vhrwp8r0000gn/T/cargo-mutants-oauth-as-gTCCcH.tmp/target/debug/deps/libgetrandom-48898a1b7fae3cc7.rlib --extern http=/private/var/folders/cx/c26_xdfx49jglkgh8vhrwp8r0000gn/T/cargo-mutants-oauth-as-gTCCcH.tmp/target/debug/deps/libhttp-6a5259f6c8199c1e.rlib --extern jsonschema=/private/var/folders/cx/c26_xdfx49jglkgh8vhrwp8r0000gn/T/cargo-mutants-oauth-as-gTCCcH.tmp/target/debug/deps/libjsonschema-84d2ce6e2e585d4b.rlib --extern oauth_as=/private/var/folders/cx/c26_xdfx49jglkgh8vhrwp8r0000gn/T/cargo-mutants-oauth-as-gTCCcH.tmp/target/debug/deps/liboauth_as-8d5cbe8c5a07f8b3.rlib --extern oauth2=/private/var/folders/cx/c26_xdfx49jglkgh8vhrwp8r0000gn/T/cargo-mutants-oauth-as-gTCCcH.tmp/target/debug/deps/liboauth2-3167962457923a67.rlib --extern serde=/private/var/folders/cx/c26_xdfx49jglkgh8vhrwp8r0000gn/T/cargo-mutants-oauth-as-gTCCcH.tmp/target/debug/deps/libserde-f4e0b116b888ac03.rlib --extern serde_json=/private/var/folders/cx/c26_xdfx49jglkgh8vhrwp8r0000gn/T/cargo-mutants-oauth-as-gTCCcH.tmp/target/debug/deps/libserde_json-4a18c44b38f643a4.rlib --extern sha2=/private/var/folders/cx/c26_xdfx49jglkgh8vhrwp8r0000gn/T/cargo-mutants-oauth-as-gTCCcH.tmp/target/debug/deps/libsha2-a4761ba26a06a6d3.rlib --extern tokio=/private/var/folders/cx/c26_xdfx49jglkgh8vhrwp8r0000gn/T/cargo-mutants-oauth-as-gTCCcH.tmp/target/debug/deps/libtokio-975ea064f9ad16cc.rlib --extern url=/private/var/folders/cx/c26_xdfx49jglkgh8vhrwp8r0000gn/T/cargo-mutants-oauth-as-gTCCcH.tmp/target/debug/deps/liburl-f82738fbc688e573.rlib -L native=/private/var/folders/cx/c26_xdfx49jglkgh8vhrwp8r0000gn/T/cargo-mutants-oauth-as-gTCCcH.tmp/target/debug/build/aws-lc-sys-ccaea78b23e919d6/out`
     Running `/Users/matthew/.rustup/toolchains/stable-aarch64-apple-darwin/bin/rustc --crate-name client_auth --edition=2021 crates/oauth-as/tests/client_auth.rs --error-format=json --json=diagnostic-rendered-ansi,artifacts,future-incompat --emit=dep-info,link -C embed-bitcode=no -C debuginfo=2 -C split-debuginfo=unpacked --test --cfg 'feature="default"' --check-cfg 'cfg(docsrs,test)' --check-cfg 'cfg(feature, values("default", "http"))' -C metadata=1617004bb3c0326d -C extra-filename=-c8d0354db006e49f --out-dir /private/var/folders/cx/c26_xdfx49jglkgh8vhrwp8r0000gn/T/cargo-mutants-oauth-as-gTCCcH.tmp/target/debug/deps -C incremental=/private/var/folders/cx/c26_xdfx49jglkgh8vhrwp8r0000gn/T/cargo-mutants-oauth-as-gTCCcH.tmp/target/debug/incremental -L dependency=/private/var/folders/cx/c26_xdfx49jglkgh8vhrwp8r0000gn/T/cargo-mutants-oauth-as-gTCCcH.tmp/target/debug/deps --extern base64=/private/var/folders/cx/c26_xdfx49jglkgh8vhrwp8r0000gn/T/cargo-mutants-oauth-as-gTCCcH.tmp/target/debug/deps/libbase64-71d7ddbe23352509.rlib --extern getrandom=/private/var/folders/cx/c26_xdfx49jglkgh8vhrwp8r0000gn/T/cargo-mutants-oauth-as-gTCCcH.tmp/target/debug/deps/libgetrandom-48898a1b7fae3cc7.rlib --extern http=/private/var/folders/cx/c26_xdfx49jglkgh8vhrwp8r0000gn/T/cargo-mutants-oauth-as-gTCCcH.tmp/target/debug/deps/libhttp-6a5259f6c8199c1e.rlib --extern jsonschema=/private/var/folders/cx/c26_xdfx49jglkgh8vhrwp8r0000gn/T/cargo-mutants-oauth-as-gTCCcH.tmp/target/debug/deps/libjsonschema-84d2ce6e2e585d4b.rlib --extern oauth_as=/private/var/folders/cx/c26_xdfx49jglkgh8vhrwp8r0000gn/T/cargo-mutants-oauth-as-gTCCcH.tmp/target/debug/deps/liboauth_as-8d5cbe8c5a07f8b3.rlib --extern oauth2=/private/var/folders/cx/c26_xdfx49jglkgh8vhrwp8r0000gn/T/cargo-mutants-oauth-as-gTCCcH.tmp/target/debug/deps/liboauth2-3167962457923a67.rlib --extern serde=/private/var/folders/cx/c26_xdfx49jglkgh8vhrwp8r0000gn/T/cargo-mutants-oauth-as-gTCCcH.tmp/target/debug/deps/libserde-f4e0b116b888ac03.rlib --extern serde_json=/private/var/folders/cx/c26_xdfx49jglkgh8vhrwp8r0000gn/T/cargo-mutants-oauth-as-gTCCcH.tmp/target/debug/deps/libserde_json-4a18c44b38f643a4.rlib --extern sha2=/private/var/folders/cx/c26_xdfx49jglkgh8vhrwp8r0000gn/T/cargo-mutants-oauth-as-gTCCcH.tmp/target/debug/deps/libsha2-a4761ba26a06a6d3.rlib --extern tokio=/private/var/folders/cx/c26_xdfx49jglkgh8vhrwp8r0000gn/T/cargo-mutants-oauth-as-gTCCcH.tmp/target/debug/deps/libtokio-975ea064f9ad16cc.rlib --extern url=/private/var/folders/cx/c26_xdfx49jglkgh8vhrwp8r0000gn/T/cargo-mutants-oauth-as-gTCCcH.tmp/target/debug/deps/liburl-f82738fbc688e573.rlib -L native=/private/var/folders/cx/c26_xdfx49jglkgh8vhrwp8r0000gn/T/cargo-mutants-oauth-as-gTCCcH.tmp/target/debug/build/aws-lc-sys-ccaea78b23e919d6/out`
     Running `/Users/matthew/.rustup/toolchains/stable-aarch64-apple-darwin/bin/rustc --crate-name metadata --edition=2021 crates/oauth-as/tests/metadata.rs --error-format=json --json=diagnostic-rendered-ansi,artifacts,future-incompat --emit=dep-info,link -C embed-bitcode=no -C debuginfo=2 -C split-debuginfo=unpacked --test --cfg 'feature="default"' --check-cfg 'cfg(docsrs,test)' --check-cfg 'cfg(feature, values("default", "http"))' -C metadata=5d93c757ec994ad2 -C extra-filename=-d618aaa3b7b3b90f --out-dir /private/var/folders/cx/c26_xdfx49jglkgh8vhrwp8r0000gn/T/cargo-mutants-oauth-as-gTCCcH.tmp/target/debug/deps -C incremental=/private/var/folders/cx/c26_xdfx49jglkgh8vhrwp8r0000gn/T/cargo-mutants-oauth-as-gTCCcH.tmp/target/debug/incremental -L dependency=/private/var/folders/cx/c26_xdfx49jglkgh8vhrwp8r0000gn/T/cargo-mutants-oauth-as-gTCCcH.tmp/target/debug/deps --extern base64=/private/var/folders/cx/c26_xdfx49jglkgh8vhrwp8r0000gn/T/cargo-mutants-oauth-as-gTCCcH.tmp/target/debug/deps/libbase64-71d7ddbe23352509.rlib --extern getrandom=/private/var/folders/cx/c26_xdfx49jglkgh8vhrwp8r0000gn/T/cargo-mutants-oauth-as-gTCCcH.tmp/target/debug/deps/libgetrandom-48898a1b7fae3cc7.rlib --extern http=/private/var/folders/cx/c26_xdfx49jglkgh8vhrwp8r0000gn/T/cargo-mutants-oauth-as-gTCCcH.tmp/target/debug/deps/libhttp-6a5259f6c8199c1e.rlib --extern jsonschema=/private/var/folders/cx/c26_xdfx49jglkgh8vhrwp8r0000gn/T/cargo-mutants-oauth-as-gTCCcH.tmp/target/debug/deps/libjsonschema-84d2ce6e2e585d4b.rlib --extern oauth_as=/private/var/folders/cx/c26_xdfx49jglkgh8vhrwp8r0000gn/T/cargo-mutants-oauth-as-gTCCcH.tmp/target/debug/deps/liboauth_as-8d5cbe8c5a07f8b3.rlib --extern oauth2=/private/var/folders/cx/c26_xdfx49jglkgh8vhrwp8r0000gn/T/cargo-mutants-oauth-as-gTCCcH.tmp/target/debug/deps/liboauth2-3167962457923a67.rlib --extern serde=/private/var/folders/cx/c26_xdfx49jglkgh8vhrwp8r0000gn/T/cargo-mutants-oauth-as-gTCCcH.tmp/target/debug/deps/libserde-f4e0b116b888ac03.rlib --extern serde_json=/private/var/folders/cx/c26_xdfx49jglkgh8vhrwp8r0000gn/T/cargo-mutants-oauth-as-gTCCcH.tmp/target/debug/deps/libserde_json-4a18c44b38f643a4.rlib --extern sha2=/private/var/folders/cx/c26_xdfx49jglkgh8vhrwp8r0000gn/T/cargo-mutants-oauth-as-gTCCcH.tmp/target/debug/deps/libsha2-a4761ba26a06a6d3.rlib --extern tokio=/private/var/folders/cx/c26_xdfx49jglkgh8vhrwp8r0000gn/T/cargo-mutants-oauth-as-gTCCcH.tmp/target/debug/deps/libtokio-975ea064f9ad16cc.rlib --extern url=/private/var/folders/cx/c26_xdfx49jglkgh8vhrwp8r0000gn/T/cargo-mutants-oauth-as-gTCCcH.tmp/target/debug/deps/liburl-f82738fbc688e573.rlib -L native=/private/var/folders/cx/c26_xdfx49jglkgh8vhrwp8r0000gn/T/cargo-mutants-oauth-as-gTCCcH.tmp/target/debug/build/aws-lc-sys-ccaea78b23e919d6/out`
     Running `/Users/matthew/.rustup/toolchains/stable-aarch64-apple-darwin/bin/rustc --crate-name revocation --edition=2021 crates/oauth-as/tests/revocation.rs --error-format=json --json=diagnostic-rendered-ansi,artifacts,future-incompat --emit=dep-info,link -C embed-bitcode=no -C debuginfo=2 -C split-debuginfo=unpacked --test --cfg 'feature="default"' --check-cfg 'cfg(docsrs,test)' --check-cfg 'cfg(feature, values("default", "http"))' -C metadata=062e348c5edaaca2 -C extra-filename=-1dc1f512e9b28e62 --out-dir /private/var/folders/cx/c26_xdfx49jglkgh8vhrwp8r0000gn/T/cargo-mutants-oauth-as-gTCCcH.tmp/target/debug/deps -C incremental=/private/var/folders/cx/c26_xdfx49jglkgh8vhrwp8r0000gn/T/cargo-mutants-oauth-as-gTCCcH.tmp/target/debug/incremental -L dependency=/private/var/folders/cx/c26_xdfx49jglkgh8vhrwp8r0000gn/T/cargo-mutants-oauth-as-gTCCcH.tmp/target/debug/deps --extern base64=/private/var/folders/cx/c26_xdfx49jglkgh8vhrwp8r0000gn/T/cargo-mutants-oauth-as-gTCCcH.tmp/target/debug/deps/libbase64-71d7ddbe23352509.rlib --extern getrandom=/private/var/folders/cx/c26_xdfx49jglkgh8vhrwp8r0000gn/T/cargo-mutants-oauth-as-gTCCcH.tmp/target/debug/deps/libgetrandom-48898a1b7fae3cc7.rlib --extern http=/private/var/folders/cx/c26_xdfx49jglkgh8vhrwp8r0000gn/T/cargo-mutants-oauth-as-gTCCcH.tmp/target/debug/deps/libhttp-6a5259f6c8199c1e.rlib --extern jsonschema=/private/var/folders/cx/c26_xdfx49jglkgh8vhrwp8r0000gn/T/cargo-mutants-oauth-as-gTCCcH.tmp/target/debug/deps/libjsonschema-84d2ce6e2e585d4b.rlib --extern oauth_as=/private/var/folders/cx/c26_xdfx49jglkgh8vhrwp8r0000gn/T/cargo-mutants-oauth-as-gTCCcH.tmp/target/debug/deps/liboauth_as-8d5cbe8c5a07f8b3.rlib --extern oauth2=/private/var/folders/cx/c26_xdfx49jglkgh8vhrwp8r0000gn/T/cargo-mutants-oauth-as-gTCCcH.tmp/target/debug/deps/liboauth2-3167962457923a67.rlib --extern serde=/private/var/folders/cx/c26_xdfx49jglkgh8vhrwp8r0000gn/T/cargo-mutants-oauth-as-gTCCcH.tmp/target/debug/deps/libserde-f4e0b116b888ac03.rlib --extern serde_json=/private/var/folders/cx/c26_xdfx49jglkgh8vhrwp8r0000gn/T/cargo-mutants-oauth-as-gTCCcH.tmp/target/debug/deps/libserde_json-4a18c44b38f643a4.rlib --extern sha2=/private/var/folders/cx/c26_xdfx49jglkgh8vhrwp8r0000gn/T/cargo-mutants-oauth-as-gTCCcH.tmp/target/debug/deps/libsha2-a4761ba26a06a6d3.rlib --extern tokio=/private/var/folders/cx/c26_xdfx49jglkgh8vhrwp8r0000gn/T/cargo-mutants-oauth-as-gTCCcH.tmp/target/debug/deps/libtokio-975ea064f9ad16cc.rlib --extern url=/private/var/folders/cx/c26_xdfx49jglkgh8vhrwp8r0000gn/T/cargo-mutants-oauth-as-gTCCcH.tmp/target/debug/deps/liburl-f82738fbc688e573.rlib -L native=/private/var/folders/cx/c26_xdfx49jglkgh8vhrwp8r0000gn/T/cargo-mutants-oauth-as-gTCCcH.tmp/target/debug/build/aws-lc-sys-ccaea78b23e919d6/out`
     Running `/Users/matthew/.rustup/toolchains/stable-aarch64-apple-darwin/bin/rustc --crate-name conformance_schema --edition=2021 crates/oauth-as/tests/conformance_schema.rs --error-format=json --json=diagnostic-rendered-ansi,artifacts,future-incompat --emit=dep-info,link -C embed-bitcode=no -C debuginfo=2 -C split-debuginfo=unpacked --test --cfg 'feature="default"' --check-cfg 'cfg(docsrs,test)' --check-cfg 'cfg(feature, values("default", "http"))' -C metadata=5270df47dd09db1e -C extra-filename=-7aea335bea8a72df --out-dir /private/var/folders/cx/c26_xdfx49jglkgh8vhrwp8r0000gn/T/cargo-mutants-oauth-as-gTCCcH.tmp/target/debug/deps -C incremental=/private/var/folders/cx/c26_xdfx49jglkgh8vhrwp8r0000gn/T/cargo-mutants-oauth-as-gTCCcH.tmp/target/debug/incremental -L dependency=/private/var/folders/cx/c26_xdfx49jglkgh8vhrwp8r0000gn/T/cargo-mutants-oauth-as-gTCCcH.tmp/target/debug/deps --extern base64=/private/var/folders/cx/c26_xdfx49jglkgh8vhrwp8r0000gn/T/cargo-mutants-oauth-as-gTCCcH.tmp/target/debug/deps/libbase64-71d7ddbe23352509.rlib --extern getrandom=/private/var/folders/cx/c26_xdfx49jglkgh8vhrwp8r0000gn/T/cargo-mutants-oauth-as-gTCCcH.tmp/target/debug/deps/libgetrandom-48898a1b7fae3cc7.rlib --extern http=/private/var/folders/cx/c26_xdfx49jglkgh8vhrwp8r0000gn/T/cargo-mutants-oauth-as-gTCCcH.tmp/target/debug/deps/libhttp-6a5259f6c8199c1e.rlib --extern jsonschema=/private/var/folders/cx/c26_xdfx49jglkgh8vhrwp8r0000gn/T/cargo-mutants-oauth-as-gTCCcH.tmp/target/debug/deps/libjsonschema-84d2ce6e2e585d4b.rlib --extern oauth_as=/private/var/folders/cx/c26_xdfx49jglkgh8vhrwp8r0000gn/T/cargo-mutants-oauth-as-gTCCcH.tmp/target/debug/deps/liboauth_as-8d5cbe8c5a07f8b3.rlib --extern oauth2=/private/var/folders/cx/c26_xdfx49jglkgh8vhrwp8r0000gn/T/cargo-mutants-oauth-as-gTCCcH.tmp/target/debug/deps/liboauth2-3167962457923a67.rlib --extern serde=/private/var/folders/cx/c26_xdfx49jglkgh8vhrwp8r0000gn/T/cargo-mutants-oauth-as-gTCCcH.tmp/target/debug/deps/libserde-f4e0b116b888ac03.rlib --extern serde_json=/private/var/folders/cx/c26_xdfx49jglkgh8vhrwp8r0000gn/T/cargo-mutants-oauth-as-gTCCcH.tmp/target/debug/deps/libserde_json-4a18c44b38f643a4.rlib --extern sha2=/private/var/folders/cx/c26_xdfx49jglkgh8vhrwp8r0000gn/T/cargo-mutants-oauth-as-gTCCcH.tmp/target/debug/deps/libsha2-a4761ba26a06a6d3.rlib --extern tokio=/private/var/folders/cx/c26_xdfx49jglkgh8vhrwp8r0000gn/T/cargo-mutants-oauth-as-gTCCcH.tmp/target/debug/deps/libtokio-975ea064f9ad16cc.rlib --extern url=/private/var/folders/cx/c26_xdfx49jglkgh8vhrwp8r0000gn/T/cargo-mutants-oauth-as-gTCCcH.tmp/target/debug/deps/liburl-f82738fbc688e573.rlib -L native=/private/var/folders/cx/c26_xdfx49jglkgh8vhrwp8r0000gn/T/cargo-mutants-oauth-as-gTCCcH.tmp/target/debug/build/aws-lc-sys-ccaea78b23e919d6/out`
     Running `/Users/matthew/.rustup/toolchains/stable-aarch64-apple-darwin/bin/rustc --crate-name storage_sweep --edition=2021 crates/oauth-as/tests/storage_sweep.rs --error-format=json --json=diagnostic-rendered-ansi,artifacts,future-incompat --emit=dep-info,link -C embed-bitcode=no -C debuginfo=2 -C split-debuginfo=unpacked --test --cfg 'feature="default"' --check-cfg 'cfg(docsrs,test)' --check-cfg 'cfg(feature, values("default", "http"))' -C metadata=c982ac9b0788760f -C extra-filename=-f6f7aace70e9b7ee --out-dir /private/var/folders/cx/c26_xdfx49jglkgh8vhrwp8r0000gn/T/cargo-mutants-oauth-as-gTCCcH.tmp/target/debug/deps -C incremental=/private/var/folders/cx/c26_xdfx49jglkgh8vhrwp8r0000gn/T/cargo-mutants-oauth-as-gTCCcH.tmp/target/debug/incremental -L dependency=/private/var/folders/cx/c26_xdfx49jglkgh8vhrwp8r0000gn/T/cargo-mutants-oauth-as-gTCCcH.tmp/target/debug/deps --extern base64=/private/var/folders/cx/c26_xdfx49jglkgh8vhrwp8r0000gn/T/cargo-mutants-oauth-as-gTCCcH.tmp/target/debug/deps/libbase64-71d7ddbe23352509.rlib --extern getrandom=/private/var/folders/cx/c26_xdfx49jglkgh8vhrwp8r0000gn/T/cargo-mutants-oauth-as-gTCCcH.tmp/target/debug/deps/libgetrandom-48898a1b7fae3cc7.rlib --extern http=/private/var/folders/cx/c26_xdfx49jglkgh8vhrwp8r0000gn/T/cargo-mutants-oauth-as-gTCCcH.tmp/target/debug/deps/libhttp-6a5259f6c8199c1e.rlib --extern jsonschema=/private/var/folders/cx/c26_xdfx49jglkgh8vhrwp8r0000gn/T/cargo-mutants-oauth-as-gTCCcH.tmp/target/debug/deps/libjsonschema-84d2ce6e2e585d4b.rlib --extern oauth_as=/private/var/folders/cx/c26_xdfx49jglkgh8vhrwp8r0000gn/T/cargo-mutants-oauth-as-gTCCcH.tmp/target/debug/deps/liboauth_as-8d5cbe8c5a07f8b3.rlib --extern oauth2=/private/var/folders/cx/c26_xdfx49jglkgh8vhrwp8r0000gn/T/cargo-mutants-oauth-as-gTCCcH.tmp/target/debug/deps/liboauth2-3167962457923a67.rlib --extern serde=/private/var/folders/cx/c26_xdfx49jglkgh8vhrwp8r0000gn/T/cargo-mutants-oauth-as-gTCCcH.tmp/target/debug/deps/libserde-f4e0b116b888ac03.rlib --extern serde_json=/private/var/folders/cx/c26_xdfx49jglkgh8vhrwp8r0000gn/T/cargo-mutants-oauth-as-gTCCcH.tmp/target/debug/deps/libserde_json-4a18c44b38f643a4.rlib --extern sha2=/private/var/folders/cx/c26_xdfx49jglkgh8vhrwp8r0000gn/T/cargo-mutants-oauth-as-gTCCcH.tmp/target/debug/deps/libsha2-a4761ba26a06a6d3.rlib --extern tokio=/private/var/folders/cx/c26_xdfx49jglkgh8vhrwp8r0000gn/T/cargo-mutants-oauth-as-gTCCcH.tmp/target/debug/deps/libtokio-975ea064f9ad16cc.rlib --extern url=/private/var/folders/cx/c26_xdfx49jglkgh8vhrwp8r0000gn/T/cargo-mutants-oauth-as-gTCCcH.tmp/target/debug/deps/liburl-f82738fbc688e573.rlib -L native=/private/var/folders/cx/c26_xdfx49jglkgh8vhrwp8r0000gn/T/cargo-mutants-oauth-as-gTCCcH.tmp/target/debug/build/aws-lc-sys-ccaea78b23e919d6/out`
     Running `/Users/matthew/.rustup/toolchains/stable-aarch64-apple-darwin/bin/rustc --crate-name storage_contract --edition=2021 crates/oauth-as/tests/storage_contract.rs --error-format=json --json=diagnostic-rendered-ansi,artifacts,future-incompat --emit=dep-info,link -C embed-bitcode=no -C debuginfo=2 -C split-debuginfo=unpacked --test --cfg 'feature="default"' --check-cfg 'cfg(docsrs,test)' --check-cfg 'cfg(feature, values("default", "http"))' -C metadata=6176034700f2cb6c -C extra-filename=-fb62dbbfb9eb2e01 --out-dir /private/var/folders/cx/c26_xdfx49jglkgh8vhrwp8r0000gn/T/cargo-mutants-oauth-as-gTCCcH.tmp/target/debug/deps -C incremental=/private/var/folders/cx/c26_xdfx49jglkgh8vhrwp8r0000gn/T/cargo-mutants-oauth-as-gTCCcH.tmp/target/debug/incremental -L dependency=/private/var/folders/cx/c26_xdfx49jglkgh8vhrwp8r0000gn/T/cargo-mutants-oauth-as-gTCCcH.tmp/target/debug/deps --extern base64=/private/var/folders/cx/c26_xdfx49jglkgh8vhrwp8r0000gn/T/cargo-mutants-oauth-as-gTCCcH.tmp/target/debug/deps/libbase64-71d7ddbe23352509.rlib --extern getrandom=/private/var/folders/cx/c26_xdfx49jglkgh8vhrwp8r0000gn/T/cargo-mutants-oauth-as-gTCCcH.tmp/target/debug/deps/libgetrandom-48898a1b7fae3cc7.rlib --extern http=/private/var/folders/cx/c26_xdfx49jglkgh8vhrwp8r0000gn/T/cargo-mutants-oauth-as-gTCCcH.tmp/target/debug/deps/libhttp-6a5259f6c8199c1e.rlib --extern jsonschema=/private/var/folders/cx/c26_xdfx49jglkgh8vhrwp8r0000gn/T/cargo-mutants-oauth-as-gTCCcH.tmp/target/debug/deps/libjsonschema-84d2ce6e2e585d4b.rlib --extern oauth_as=/private/var/folders/cx/c26_xdfx49jglkgh8vhrwp8r0000gn/T/cargo-mutants-oauth-as-gTCCcH.tmp/target/debug/deps/liboauth_as-8d5cbe8c5a07f8b3.rlib --extern oauth2=/private/var/folders/cx/c26_xdfx49jglkgh8vhrwp8r0000gn/T/cargo-mutants-oauth-as-gTCCcH.tmp/target/debug/deps/liboauth2-3167962457923a67.rlib --extern serde=/private/var/folders/cx/c26_xdfx49jglkgh8vhrwp8r0000gn/T/cargo-mutants-oauth-as-gTCCcH.tmp/target/debug/deps/libserde-f4e0b116b888ac03.rlib --extern serde_json=/private/var/folders/cx/c26_xdfx49jglkgh8vhrwp8r0000gn/T/cargo-mutants-oauth-as-gTCCcH.tmp/target/debug/deps/libserde_json-4a18c44b38f643a4.rlib --extern sha2=/private/var/folders/cx/c26_xdfx49jglkgh8vhrwp8r0000gn/T/cargo-mutants-oauth-as-gTCCcH.tmp/target/debug/deps/libsha2-a4761ba26a06a6d3.rlib --extern tokio=/private/var/folders/cx/c26_xdfx49jglkgh8vhrwp8r0000gn/T/cargo-mutants-oauth-as-gTCCcH.tmp/target/debug/deps/libtokio-975ea064f9ad16cc.rlib --extern url=/private/var/folders/cx/c26_xdfx49jglkgh8vhrwp8r0000gn/T/cargo-mutants-oauth-as-gTCCcH.tmp/target/debug/deps/liburl-f82738fbc688e573.rlib -L native=/private/var/folders/cx/c26_xdfx49jglkgh8vhrwp8r0000gn/T/cargo-mutants-oauth-as-gTCCcH.tmp/target/debug/build/aws-lc-sys-ccaea78b23e919d6/out`
    Finished `test` profile [unoptimized + debuginfo] target(s) in 12.69s
  Executable `/private/var/folders/cx/c26_xdfx49jglkgh8vhrwp8r0000gn/T/cargo-mutants-oauth-as-gTCCcH.tmp/target/debug/deps/oauth_as-19caae6566dd5d57`
  Executable `/private/var/folders/cx/c26_xdfx49jglkgh8vhrwp8r0000gn/T/cargo-mutants-oauth-as-gTCCcH.tmp/target/debug/deps/allocation-3498a85230b42ef6`
  Executable `/private/var/folders/cx/c26_xdfx49jglkgh8vhrwp8r0000gn/T/cargo-mutants-oauth-as-gTCCcH.tmp/target/debug/deps/authorization_code-346d6ba61f1f207c`
  Executable `/private/var/folders/cx/c26_xdfx49jglkgh8vhrwp8r0000gn/T/cargo-mutants-oauth-as-gTCCcH.tmp/target/debug/deps/authorization_request_parsing-ef96e3b772502c3d`
  Executable `/private/var/folders/cx/c26_xdfx49jglkgh8vhrwp8r0000gn/T/cargo-mutants-oauth-as-gTCCcH.tmp/target/debug/deps/client_auth-c8d0354db006e49f`
  Executable `/private/var/folders/cx/c26_xdfx49jglkgh8vhrwp8r0000gn/T/cargo-mutants-oauth-as-gTCCcH.tmp/target/debug/deps/client_credentials-d31ac85e76147f11`
  Executable `/private/var/folders/cx/c26_xdfx49jglkgh8vhrwp8r0000gn/T/cargo-mutants-oauth-as-gTCCcH.tmp/target/debug/deps/code_replay_ordering-eb5d8fb6758ce4ca`
  Executable `/private/var/folders/cx/c26_xdfx49jglkgh8vhrwp8r0000gn/T/cargo-mutants-oauth-as-gTCCcH.tmp/target/debug/deps/conformance_schema-7aea335bea8a72df`
  Executable `/private/var/folders/cx/c26_xdfx49jglkgh8vhrwp8r0000gn/T/cargo-mutants-oauth-as-gTCCcH.tmp/target/debug/deps/constant_time-1d0c0fd06d87fb63`
  Executable `/private/var/folders/cx/c26_xdfx49jglkgh8vhrwp8r0000gn/T/cargo-mutants-oauth-as-gTCCcH.tmp/target/debug/deps/device_flow-84747e18f51386c4`
  Executable `/private/var/folders/cx/c26_xdfx49jglkgh8vhrwp8r0000gn/T/cargo-mutants-oauth-as-gTCCcH.tmp/target/debug/deps/device_flow_edges-1ccd078a042aaa7e`
  Executable `/private/var/folders/cx/c26_xdfx49jglkgh8vhrwp8r0000gn/T/cargo-mutants-oauth-as-gTCCcH.tmp/target/debug/deps/http_surface-d17e4a5550ec06b2`
  Executable `/private/var/folders/cx/c26_xdfx49jglkgh8vhrwp8r0000gn/T/cargo-mutants-oauth-as-gTCCcH.tmp/target/debug/deps/introspection-86047bc896671860`
  Executable `/private/var/folders/cx/c26_xdfx49jglkgh8vhrwp8r0000gn/T/cargo-mutants-oauth-as-gTCCcH.tmp/target/debug/deps/metadata-d618aaa3b7b3b90f`
  Executable `/private/var/folders/cx/c26_xdfx49jglkgh8vhrwp8r0000gn/T/cargo-mutants-oauth-as-gTCCcH.tmp/target/debug/deps/refresh_reuse-07146c86e4c2c697`
  Executable `/private/var/folders/cx/c26_xdfx49jglkgh8vhrwp8r0000gn/T/cargo-mutants-oauth-as-gTCCcH.tmp/target/debug/deps/revocation-1dc1f512e9b28e62`
  Executable `/private/var/folders/cx/c26_xdfx49jglkgh8vhrwp8r0000gn/T/cargo-mutants-oauth-as-gTCCcH.tmp/target/debug/deps/revocation_ownership-8ef8c09c102660a3`
  Executable `/private/var/folders/cx/c26_xdfx49jglkgh8vhrwp8r0000gn/T/cargo-mutants-oauth-as-gTCCcH.tmp/target/debug/deps/rfc_vectors-e73ed51c862c7bf4`
  Executable `/private/var/folders/cx/c26_xdfx49jglkgh8vhrwp8r0000gn/T/cargo-mutants-oauth-as-gTCCcH.tmp/target/debug/deps/scope_rules-9caa620072f4121f`
  Executable `/private/var/folders/cx/c26_xdfx49jglkgh8vhrwp8r0000gn/T/cargo-mutants-oauth-as-gTCCcH.tmp/target/debug/deps/storage_contract-fb62dbbfb9eb2e01`
  Executable `/private/var/folders/cx/c26_xdfx49jglkgh8vhrwp8r0000gn/T/cargo-mutants-oauth-as-gTCCcH.tmp/target/debug/deps/storage_sweep-f6f7aace70e9b7ee`
  Executable `/private/var/folders/cx/c26_xdfx49jglkgh8vhrwp8r0000gn/T/cargo-mutants-oauth-as-gTCCcH.tmp/target/debug/deps/third_party_client-50233b1a764d71ca`

*** result: Success

*** /Users/matthew/.rustup/toolchains/stable-aarch64-apple-darwin/bin/cargo test --verbose --package=oauth-as@0.1.0
       Fresh unicode-ident v1.0.24
       Fresh stable_deref_trait v1.2.1
       Fresh itoa v1.0.18
       Fresh memchr v2.8.3
       Fresh version_check v0.9.5
       Fresh bytes v1.12.1
       Fresh shlex v2.0.1
       Fresh find-msvc-tools v0.1.10
       Fresh once_cell v1.21.4
       Fresh cfg-if v1.0.4
       Fresh pin-project-lite v0.2.17
       Fresh autocfg v1.5.1
       Fresh smallvec v1.15.2
       Fresh futures-core v0.3.33
       Fresh proc-macro2 v1.0.107
       Fresh pkg-config v0.3.33
       Fresh fs_extra v1.3.0
       Fresh dunce v1.0.5
       Fresh litemap v0.8.2
       Fresh writeable v0.6.3
       Fresh futures-sink v0.3.33
       Fresh http v1.5.0
       Fresh utf8_iter v1.0.4
       Fresh core-foundation-sys v0.8.7
       Fresh quote v1.0.47
       Fresh libc v0.2.189
       Fresh serde_core v1.0.229
       Fresh slab v0.4.12
       Fresh allocator-api2 v0.2.21
       Fresh zeroize v1.9.0
       Fresh percent-encoding v2.3.2
       Fresh foldhash v0.2.0
       Fresh equivalent v1.0.2
       Fresh http-body v1.1.0
       Fresh tracing-core v0.1.36
       Fresh futures-io v0.3.33
       Fresh syn v3.0.3
       Fresh syn v2.0.119
       Fresh jobserver v0.1.35
       Fresh socket2 v0.6.5
       Fresh mio v1.2.2
       Fresh num-traits v0.2.19
       Fresh icu_normalizer_data v2.2.0
       Fresh icu_properties_data v2.2.0
       Fresh hashbrown v0.17.1
       Fresh zerocopy v0.8.56
       Fresh rustls-pki-types v1.15.1
       Fresh typenum v1.20.1
       Fresh untrusted v0.9.0
       Fresh synstructure v0.13.2
       Fresh zerovec-derive v0.11.3
       Fresh displaydoc v0.2.7
       Fresh cc v1.4.2
       Fresh serde_derive v1.0.229
       Fresh tokio-macros v2.7.2
       Fresh num-integer v0.1.46
       Fresh zmij v1.0.23
       Fresh futures-task v0.3.33
       Fresh indexmap v2.14.0
       Fresh generic-array v0.14.7
       Fresh tracing v0.1.44
       Fresh fnv v1.0.7
       Fresh base64 v0.22.1
       Fresh subtle v2.6.1
       Fresh try-lock v0.2.5
       Fresh atomic-waker v1.1.2
       Fresh zerofrom-derive v0.1.7
       Fresh yoke-derive v0.8.2
       Fresh cmake v0.1.58
       Fresh serde v1.0.229
       Fresh tokio v1.53.1
       Fresh futures-util v0.3.33
       Fresh serde_json v1.0.151
       Fresh tower-service v0.3.3
       Fresh httparse v1.10.1
       Fresh getrandom v0.3.4
       Fresh num-bigint v0.4.8
       Fresh want v0.3.1
       Fresh form_urlencoded v1.2.2
       Fresh futures-channel v0.3.33
       Fresh regex-syntax v0.8.11
       Fresh bitflags v2.13.1
       Fresh zerofrom v0.1.8
       Fresh tokio-util v0.7.19
       Fresh num-rational v0.4.2
       Fresh block-buffer v0.10.4
       Fresh num-iter v0.1.46
       Fresh crypto-common v0.1.7
       Fresh num-complex v0.4.6
       Fresh ref-cast-impl v1.0.26
       Fresh core-foundation v0.10.1
       Fresh security-framework-sys v2.17.0
       Fresh getrandom v0.2.17
       Fresh sync_wrapper v1.0.2
       Fresh aho-corasick v1.1.5
       Fresh ipnet v2.12.1
       Fresh scopeguard v1.2.0
       Fresh yoke v0.8.3
       Fresh h2 v0.4.15
       Fresh tower-layer v0.3.3
       Fresh ref-cast v1.0.26
       Fresh rand_core v0.6.4
       Fresh regex-automata v0.4.18
       Fresh digest v0.10.7
       Fresh parking_lot_core v0.9.12
       Fresh lock_api v0.4.14
       Fresh security-framework v3.7.0
       Fresh num v0.4.3
       Fresh ahash v0.8.12
       Fresh ppv-lite86 v0.2.21
       Fresh cpufeatures v0.2.17
       Fresh bit-vec v0.8.0
       Fresh heck v0.5.0
       Fresh lazy_static v1.5.0
       Fresh borrow-or-share v0.2.4
       Fresh zerovec v0.11.6
       Fresh zerotrie v0.2.4
       Fresh aws-lc-sys v0.44.0
       Fresh hyper v1.11.0
       Fresh tower v0.5.3
       Fresh log v0.4.33
       Fresh sha2 v0.10.9
       Fresh fluent-uri v0.4.1
       Fresh rand_chacha v0.3.1
       Fresh strum_macros v0.28.0
       Fresh fraction v0.15.4
       Fresh bit-set v0.8.0
       Fresh parking_lot v0.12.5
       Fresh thiserror-impl v1.0.69
       Fresh http-body-util v0.1.4
       Fresh iana-time-zone v0.1.65
       Fresh tinystr v0.8.3
       Fresh potential_utf v0.1.5
       Fresh aws-lc-rs v1.18.0
       Fresh hyper-util v0.1.20
       Fresh num-cmp v0.1.0
       Fresh micromap v0.3.0
       Fresh vsimd v0.8.0
       Fresh outref v0.5.2
       Fresh bytecount v0.6.9
       Fresh rand v0.8.7
       Fresh strum v0.28.0
       Fresh chrono v0.4.45
       Fresh fancy-regex v0.19.0
       Fresh regex v1.13.1
       Fresh email_address v0.2.9
       Fresh jsonschema-regex v0.49.7
       Fresh icu_locale_core v2.2.0
       Fresh icu_collections v2.2.0
       Fresh rustls-webpki v0.103.13
       Fresh thiserror v1.0.69
       Fresh jsonschema-value v0.49.7
       Fresh unicode-general-category v1.1.0
       Fresh referencing v0.49.7
       Fresh uuid-simd v0.8.0
       Fresh serde_path_to_error v0.1.20
       Fresh data-encoding v2.11.1
       Fresh icu_provider v2.2.0
       Fresh rustls v0.23.43
       Fresh icu_normalizer v2.2.0
       Fresh icu_properties v2.2.0
       Fresh tokio-rustls v0.26.4
       Fresh rustls-platform-verifier v0.7.0
       Fresh idna_adapter v1.2.2
       Fresh hyper-rustls v0.27.9
       Fresh idna v1.1.0
       Fresh url v2.5.8
       Fresh tower-http v0.6.11
       Fresh oauth2 v5.0.0
       Fresh reqwest v0.13.4
       Fresh jsonschema v0.49.7
       Fresh oauth-as v0.1.0 (/private/var/folders/cx/c26_xdfx49jglkgh8vhrwp8r0000gn/T/cargo-mutants-oauth-as-gTCCcH.tmp/crates/oauth-as)
    Finished `test` profile [unoptimized + debuginfo] target(s) in 2.05s
     Running `/private/var/folders/cx/c26_xdfx49jglkgh8vhrwp8r0000gn/T/cargo-mutants-oauth-as-gTCCcH.tmp/target/debug/deps/oauth_as-19caae6566dd5d57`

running 31 tests
test client::tests::public_client_rejects_a_presented_secret ... ok
test client::tests::c13_confidential_secret_debug_format_is_redacted ... ok
test authorization::tests::c11_only_the_sealed_constructor_produces_a_validated_request ... ok
test device::tests::user_code_normalization_is_case_hyphen_and_space_insensitive ... ok
test authorization::tests::c13_authorization_code_record_debug_format_redacts_code_and_tokens ... ok
test authorization::tests::wire_spellings ... ok
test device::tests::device_authorization_response_shape_is_rfc8628_3_2 ... ok
test error::tests::absent_optional_fields_are_omitted_not_null ... ok
test client::tests::confidential_client_requires_the_exact_secret ... ok
test client::tests::constant_time_eq_agrees_with_eq ... ok
test authorization::tests::c13_consumed_state_without_refresh_token_shows_none_not_a_value ... ok
test client::tests::c13_public_client_debug_format_is_unaffected ... ok
test authorization::tests::c13_issued_state_debug_format_has_nothing_to_redact ... ok
test grant::tests::device_grant_wire_spelling_is_the_full_urn ... ok
test error::tests::wire_spellings_are_the_registered_tokens ... ok
test error::tests::http_status_mapping_follows_rfc6749_5_2 ... ok
test authorization::tests::implicit_grant_is_not_representable ... ok
test grant::tests::unknown_grant_type_is_rejected ... ok
test metadata::tests::issuer_join_never_doubles_the_slash ... ok
test metadata::tests::the_issuer_path_is_only_what_follows_the_authority ... ok
test metadata::tests::the_well_known_path_follows_rfc_8414_section_3_1 ... ok
test pkce::tests::challenge_shape ... ok
test pkce::tests::verifier_grammar_bounds ... ok
test scope::tests::charset_is_rfc6749_3_3 ... ok
test scope::tests::parse_dedupes_orders_and_roundtrips ... ok
test scope::tests::subset_semantics ... ok
test server::tests::display_form_hyphenates_even_lengths ... ok
test server::tests::random_hex_has_the_stated_entropy_width ... ok
test server::tests::user_codes_use_the_alphabet_and_are_unbiased_in_shape ... ok
test token::tests::success_response_shape_is_rfc6749_5_1 ... ok
test client::tests::c9_length_wraparound_no_longer_compares_unequal_secrets_as_equal ... ok

test result: ok. 31 passed; 0 failed; 0 ignored; 0 measured; 0 filtered out; finished in 0.00s

     Running `/private/var/folders/cx/c26_xdfx49jglkgh8vhrwp8r0000gn/T/cargo-mutants-oauth-as-gTCCcH.tmp/target/debug/deps/allocation-3498a85230b42ef6`

running 1 test
test zero_cost_efficiency_gates ... FAILED

failures:

---- zero_cost_efficiency_gates stdout ----

thread 'zero_cost_efficiency_gates' (20459037) panicked at crates/oauth-as/tests/allocation.rs:265:5:
assertion `left == right` failed
  left: None
 right: Some("public-app")
note: run with `RUST_BACKTRACE=1` environment variable to display a backtrace

thread 'zero_cost_efficiency_gates' (20459037) panicked at crates/oauth-as/tests/allocation.rs:128:5:
1 of 12 efficiency gate(s) failed:
authorization_request_from_borrowed_pairs_allocates_nothing: assertion `left == right` failed
  left: None
 right: Some("public-app")


failures:
    zero_cost_efficiency_gates

test result: FAILED. 0 passed; 1 failed; 0 ignored; 0 measured; 0 filtered out; finished in 0.00s

error: test failed, to rerun pass `-p oauth-as --test allocation`

*** result: Failure(101)
