
*** crates/oauth-as/src/authorization.rs:99:17: delete match arm "redirect_uri" in AuthorizationRequest<'a>::from_pairs

*** mutation diff:
--- crates/oauth-as/src/authorization.rs
+++ delete match arm "redirect_uri" in AuthorizationRequest<'a>::from_pairs
@@ -91,17 +91,17 @@
         K: AsRef<str>,
         V: Into<Cow<'a, str>>,
     {
         let mut req = AuthorizationRequest::default();
         for (k, v) in pairs {
             let slot = match k.as_ref() {
                 "response_type" => &mut req.response_type,
                 "client_id" => &mut req.client_id,
-                "redirect_uri" => &mut req.redirect_uri,
+                 /* ~ changed by cargo-mutants ~ */
                 "scope" => &mut req.scope,
                 "state" => &mut req.state,
                 "code_challenge" => &mut req.code_challenge,
                 "code_challenge_method" => &mut req.code_challenge_method,
                 _ => continue,
             };
             if slot.is_none() {
                 *slot = Some(v.into());


*** /Users/matthew/.rustup/toolchains/stable-aarch64-apple-darwin/bin/cargo test --no-run --verbose --package=oauth-as@0.1.0
       Fresh unicode-ident v1.0.24
       Fresh stable_deref_trait v1.2.1
       Fresh memchr v2.8.3
       Fresh itoa v1.0.18
       Fresh bytes v1.12.1
       Fresh find-msvc-tools v0.1.10
       Fresh version_check v0.9.5
       Fresh shlex v2.0.1
       Fresh once_cell v1.21.4
       Fresh cfg-if v1.0.4
       Fresh pin-project-lite v0.2.17
       Fresh autocfg v1.5.1
       Fresh smallvec v1.15.2
       Fresh pkg-config v0.3.33
       Fresh proc-macro2 v1.0.107
       Fresh futures-core v0.3.33
       Fresh dunce v1.0.5
       Fresh fs_extra v1.3.0
       Fresh writeable v0.6.3
       Fresh litemap v0.8.2
       Fresh futures-sink v0.3.33
       Fresh http v1.5.0
       Fresh utf8_iter v1.0.4
       Fresh percent-encoding v2.3.2
       Fresh quote v1.0.47
       Fresh libc v0.2.189
       Fresh serde_core v1.0.229
       Fresh slab v0.4.12
       Fresh foldhash v0.2.0
       Fresh equivalent v1.0.2
       Fresh allocator-api2 v0.2.21
       Fresh zeroize v1.9.0
       Fresh core-foundation-sys v0.8.7
       Fresh http-body v1.1.0
       Fresh tracing-core v0.1.36
       Fresh futures-task v0.3.33
       Fresh syn v3.0.3
       Fresh syn v2.0.119
       Fresh jobserver v0.1.35
       Fresh socket2 v0.6.5
       Fresh mio v1.2.2
       Fresh num-traits v0.2.19
       Fresh zerocopy v0.8.56
       Fresh hashbrown v0.17.1
       Fresh icu_properties_data v2.2.0
       Fresh icu_normalizer_data v2.2.0
       Fresh rustls-pki-types v1.15.1
       Fresh futures-io v0.3.33
       Fresh typenum v1.20.1
       Fresh untrusted v0.9.0
       Fresh synstructure v0.13.2
       Fresh zerovec-derive v0.11.3
       Fresh displaydoc v0.2.7
       Fresh cc v1.4.2
       Fresh serde_derive v1.0.229
       Fresh tokio-macros v2.7.2
       Fresh num-integer v0.1.46
       Fresh zmij v1.0.23
       Fresh indexmap v2.14.0
       Fresh futures-util v0.3.33
       Fresh generic-array v0.14.7
       Fresh tracing v0.1.44
       Fresh tower-service v0.3.3
       Fresh base64 v0.22.1
       Fresh try-lock v0.2.5
       Fresh subtle v2.6.1
       Fresh zerofrom-derive v0.1.7
       Fresh yoke-derive v0.8.2
       Fresh cmake v0.1.58
       Fresh serde v1.0.229
       Fresh tokio v1.53.1
       Fresh serde_json v1.0.151
       Fresh atomic-waker v1.1.2
       Fresh fnv v1.0.7
       Fresh httparse v1.10.1
       Fresh getrandom v0.3.4
       Fresh want v0.3.1
       Fresh num-bigint v0.4.8
       Fresh futures-channel v0.3.33
       Fresh form_urlencoded v1.2.2
       Fresh bitflags v2.13.1
       Fresh regex-syntax v0.8.11
       Fresh zerofrom v0.1.8
       Fresh tokio-util v0.7.19
       Fresh num-rational v0.4.2
       Fresh num-iter v0.1.46
       Fresh block-buffer v0.10.4
       Fresh crypto-common v0.1.7
       Fresh ref-cast-impl v1.0.26
       Fresh num-complex v0.4.6
       Fresh getrandom v0.2.17
       Fresh core-foundation v0.10.1
       Fresh security-framework-sys v2.17.0
       Fresh sync_wrapper v1.0.2
       Fresh aho-corasick v1.1.5
       Fresh scopeguard v1.2.0
       Fresh ipnet v2.12.1
       Fresh yoke v0.8.3
       Fresh h2 v0.4.15
       Fresh tower-layer v0.3.3
       Fresh security-framework v3.7.0
       Fresh ahash v0.8.12
       Fresh regex-automata v0.4.18
       Fresh ref-cast v1.0.26
       Fresh num v0.4.3
       Fresh parking_lot_core v0.9.12
       Fresh digest v0.10.7
       Fresh rand_core v0.6.4
       Fresh lock_api v0.4.14
       Fresh ppv-lite86 v0.2.21
       Fresh cpufeatures v0.2.17
       Fresh heck v0.5.0
       Fresh borrow-or-share v0.2.4
       Fresh zerovec v0.11.6
       Fresh zerotrie v0.2.4
       Fresh aws-lc-sys v0.44.0
       Fresh hyper v1.11.0
       Fresh tower v0.5.3
       Fresh lazy_static v1.5.0
       Fresh log v0.4.33
       Fresh bit-vec v0.8.0
       Fresh rand_chacha v0.3.1
       Fresh strum_macros v0.28.0
       Fresh fluent-uri v0.4.1
       Fresh parking_lot v0.12.5
       Fresh sha2 v0.10.9
       Fresh thiserror-impl v1.0.69
       Fresh http-body-util v0.1.4
       Fresh iana-time-zone v0.1.65
       Fresh tinystr v0.8.3
       Fresh potential_utf v0.1.5
       Fresh aws-lc-rs v1.18.0
       Fresh hyper-util v0.1.20
       Fresh fraction v0.15.4
       Fresh bit-set v0.8.0
       Fresh micromap v0.3.0
       Fresh bytecount v0.6.9
       Fresh vsimd v0.8.0
       Fresh num-cmp v0.1.0
       Fresh outref v0.5.2
       Fresh strum v0.28.0
       Fresh thiserror v1.0.69
       Fresh chrono v0.4.45
       Fresh rand v0.8.7
       Fresh unicode-general-category v1.1.0
       Fresh regex v1.13.1
       Fresh email_address v0.2.9
       Fresh icu_locale_core v2.2.0
       Fresh icu_collections v2.2.0
       Fresh rustls-webpki v0.103.13
       Fresh fancy-regex v0.19.0
       Fresh uuid-simd v0.8.0
       Fresh referencing v0.49.7
       Fresh jsonschema-value v0.49.7
       Fresh jsonschema-regex v0.49.7
       Fresh serde_path_to_error v0.1.20
       Fresh data-encoding v2.11.1
       Dirty oauth-as v0.1.0 (/private/var/folders/cx/c26_xdfx49jglkgh8vhrwp8r0000gn/T/cargo-mutants-oauth-as-gTCCcH.tmp/crates/oauth-as): the file `crates/oauth-as/src/authorization.rs` has changed (1786209364.152519241s, 14s after last build at 1786209350.820805977s)
   Compiling oauth-as v0.1.0 (/private/var/folders/cx/c26_xdfx49jglkgh8vhrwp8r0000gn/T/cargo-mutants-oauth-as-gTCCcH.tmp/crates/oauth-as)
       Fresh icu_provider v2.2.0
       Fresh rustls v0.23.43
       Fresh icu_properties v2.2.0
       Fresh icu_normalizer v2.2.0
       Fresh tokio-rustls v0.26.4
       Fresh rustls-platform-verifier v0.7.0
       Fresh idna_adapter v1.2.2
       Fresh hyper-rustls v0.27.9
       Fresh idna v1.1.0
       Fresh url v2.5.8
       Fresh tower-http v0.6.11
       Fresh oauth2 v5.0.0
       Fresh reqwest v0.13.4
       Fresh jsonschema v0.49.7
     Running `/Users/matthew/.rustup/toolchains/stable-aarch64-apple-darwin/bin/rustc --crate-name oauth_as --edition=2021 crates/oauth-as/src/lib.rs --error-format=json --json=diagnostic-rendered-ansi,artifacts,future-incompat --crate-type lib --emit=dep-info,metadata,link -C embed-bitcode=no -C debuginfo=2 -C split-debuginfo=unpacked --cfg 'feature="default"' --check-cfg 'cfg(docsrs,test)' --check-cfg 'cfg(feature, values("default", "http"))' -C metadata=98c9962eff76c523 -C extra-filename=-8d5cbe8c5a07f8b3 --out-dir /private/var/folders/cx/c26_xdfx49jglkgh8vhrwp8r0000gn/T/cargo-mutants-oauth-as-gTCCcH.tmp/target/debug/deps -C incremental=/private/var/folders/cx/c26_xdfx49jglkgh8vhrwp8r0000gn/T/cargo-mutants-oauth-as-gTCCcH.tmp/target/debug/incremental -L dependency=/private/var/folders/cx/c26_xdfx49jglkgh8vhrwp8r0000gn/T/cargo-mutants-oauth-as-gTCCcH.tmp/target/debug/deps --extern base64=/private/var/folders/cx/c26_xdfx49jglkgh8vhrwp8r0000gn/T/cargo-mutants-oauth-as-gTCCcH.tmp/target/debug/deps/libbase64-71d7ddbe23352509.rmeta --extern getrandom=/private/var/folders/cx/c26_xdfx49jglkgh8vhrwp8r0000gn/T/cargo-mutants-oauth-as-gTCCcH.tmp/target/debug/deps/libgetrandom-48898a1b7fae3cc7.rmeta --extern serde=/private/var/folders/cx/c26_xdfx49jglkgh8vhrwp8r0000gn/T/cargo-mutants-oauth-as-gTCCcH.tmp/target/debug/deps/libserde-f4e0b116b888ac03.rmeta --extern serde_json=/private/var/folders/cx/c26_xdfx49jglkgh8vhrwp8r0000gn/T/cargo-mutants-oauth-as-gTCCcH.tmp/target/debug/deps/libserde_json-4a18c44b38f643a4.rmeta --extern sha2=/private/var/folders/cx/c26_xdfx49jglkgh8vhrwp8r0000gn/T/cargo-mutants-oauth-as-gTCCcH.tmp/target/debug/deps/libsha2-a4761ba26a06a6d3.rmeta`
     Running `/Users/matthew/.rustup/toolchains/stable-aarch64-apple-darwin/bin/rustc --crate-name oauth_as --edition=2021 crates/oauth-as/src/lib.rs --error-format=json --json=diagnostic-rendered-ansi,artifacts,future-incompat --emit=dep-info,link -C embed-bitcode=no -C debuginfo=2 -C split-debuginfo=unpacked --test --cfg 'feature="default"' --check-cfg 'cfg(docsrs,test)' --check-cfg 'cfg(feature, values("default", "http"))' -C metadata=dca5441aff8ab174 -C extra-filename=-19caae6566dd5d57 --out-dir /private/var/folders/cx/c26_xdfx49jglkgh8vhrwp8r0000gn/T/cargo-mutants-oauth-as-gTCCcH.tmp/target/debug/deps -C incremental=/private/var/folders/cx/c26_xdfx49jglkgh8vhrwp8r0000gn/T/cargo-mutants-oauth-as-gTCCcH.tmp/target/debug/incremental -L dependency=/private/var/folders/cx/c26_xdfx49jglkgh8vhrwp8r0000gn/T/cargo-mutants-oauth-as-gTCCcH.tmp/target/debug/deps --extern base64=/private/var/folders/cx/c26_xdfx49jglkgh8vhrwp8r0000gn/T/cargo-mutants-oauth-as-gTCCcH.tmp/target/debug/deps/libbase64-71d7ddbe23352509.rlib --extern getrandom=/private/var/folders/cx/c26_xdfx49jglkgh8vhrwp8r0000gn/T/cargo-mutants-oauth-as-gTCCcH.tmp/target/debug/deps/libgetrandom-48898a1b7fae3cc7.rlib --extern http=/private/var/folders/cx/c26_xdfx49jglkgh8vhrwp8r0000gn/T/cargo-mutants-oauth-as-gTCCcH.tmp/target/debug/deps/libhttp-6a5259f6c8199c1e.rlib --extern jsonschema=/private/var/folders/cx/c26_xdfx49jglkgh8vhrwp8r0000gn/T/cargo-mutants-oauth-as-gTCCcH.tmp/target/debug/deps/libjsonschema-84d2ce6e2e585d4b.rlib --extern oauth2=/private/var/folders/cx/c26_xdfx49jglkgh8vhrwp8r0000gn/T/cargo-mutants-oauth-as-gTCCcH.tmp/target/debug/deps/liboauth2-3167962457923a67.rlib --extern serde=/private/var/folders/cx/c26_xdfx49jglkgh8vhrwp8r0000gn/T/cargo-mutants-oauth-as-gTCCcH.tmp/target/debug/deps/libserde-f4e0b116b888ac03.rlib --extern serde_json=/private/var/folders/cx/c26_xdfx49jglkgh8vhrwp8r0000gn/T/cargo-mutants-oauth-as-gTCCcH.tmp/target/debug/deps/libserde_json-4a18c44b38f643a4.rlib --extern sha2=/private/var/folders/cx/c26_xdfx49jglkgh8vhrwp8r0000gn/T/cargo-mutants-oauth-as-gTCCcH.tmp/target/debug/deps/libsha2-a4761ba26a06a6d3.rlib --extern tokio=/private/var/folders/cx/c26_xdfx49jglkgh8vhrwp8r0000gn/T/cargo-mutants-oauth-as-gTCCcH.tmp/target/debug/deps/libtokio-975ea064f9ad16cc.rlib --extern url=/private/var/folders/cx/c26_xdfx49jglkgh8vhrwp8r0000gn/T/cargo-mutants-oauth-as-gTCCcH.tmp/target/debug/deps/liburl-f82738fbc688e573.rlib -L native=/private/var/folders/cx/c26_xdfx49jglkgh8vhrwp8r0000gn/T/cargo-mutants-oauth-as-gTCCcH.tmp/target/debug/build/aws-lc-sys-ccaea78b23e919d6/out`
     Running `/Users/matthew/.rustup/toolchains/stable-aarch64-apple-darwin/bin/rustc --crate-name third_party_client --edition=2021 crates/oauth-as/tests/third_party_client.rs --error-format=json --json=diagnostic-rendered-ansi,artifacts,future-incompat --emit=dep-info,link -C embed-bitcode=no -C debuginfo=2 -C split-debuginfo=unpacked --test --cfg 'feature="default"' --check-cfg 'cfg(docsrs,test)' --check-cfg 'cfg(feature, values("default", "http"))' -C metadata=d5601f4cdede1c88 -C extra-filename=-50233b1a764d71ca --out-dir /private/var/folders/cx/c26_xdfx49jglkgh8vhrwp8r0000gn/T/cargo-mutants-oauth-as-gTCCcH.tmp/target/debug/deps -C incremental=/private/var/folders/cx/c26_xdfx49jglkgh8vhrwp8r0000gn/T/cargo-mutants-oauth-as-gTCCcH.tmp/target/debug/incremental -L dependency=/private/var/folders/cx/c26_xdfx49jglkgh8vhrwp8r0000gn/T/cargo-mutants-oauth-as-gTCCcH.tmp/target/debug/deps --extern base64=/private/var/folders/cx/c26_xdfx49jglkgh8vhrwp8r0000gn/T/cargo-mutants-oauth-as-gTCCcH.tmp/target/debug/deps/libbase64-71d7ddbe23352509.rlib --extern getrandom=/private/var/folders/cx/c26_xdfx49jglkgh8vhrwp8r0000gn/T/cargo-mutants-oauth-as-gTCCcH.tmp/target/debug/deps/libgetrandom-48898a1b7fae3cc7.rlib --extern http=/private/var/folders/cx/c26_xdfx49jglkgh8vhrwp8r0000gn/T/cargo-mutants-oauth-as-gTCCcH.tmp/target/debug/deps/libhttp-6a5259f6c8199c1e.rlib --extern jsonschema=/private/var/folders/cx/c26_xdfx49jglkgh8vhrwp8r0000gn/T/cargo-mutants-oauth-as-gTCCcH.tmp/target/debug/deps/libjsonschema-84d2ce6e2e585d4b.rlib --extern oauth_as=/private/var/folders/cx/c26_xdfx49jglkgh8vhrwp8r0000gn/T/cargo-mutants-oauth-as-gTCCcH.tmp/target/debug/deps/liboauth_as-8d5cbe8c5a07f8b3.rlib --extern oauth2=/private/var/folders/cx/c26_xdfx49jglkgh8vhrwp8r0000gn/T/cargo-mutants-oauth-as-gTCCcH.tmp/target/debug/deps/liboauth2-3167962457923a67.rlib --extern serde=/private/var/folders/cx/c26_xdfx49jglkgh8vhrwp8r0000gn/T/cargo-mutants-oauth-as-gTCCcH.tmp/target/debug/deps/libserde-f4e0b116b888ac03.rlib --extern serde_json=/private/var/folders/cx/c26_xdfx49jglkgh8vhrwp8r0000gn/T/cargo-mutants-oauth-as-gTCCcH.tmp/target/debug/deps/libserde_json-4a18c44b38f643a4.rlib --extern sha2=/private/var/folders/cx/c26_xdfx49jglkgh8vhrwp8r0000gn/T/cargo-mutants-oauth-as-gTCCcH.tmp/target/debug/deps/libsha2-a4761ba26a06a6d3.rlib --extern tokio=/private/var/folders/cx/c26_xdfx49jglkgh8vhrwp8r0000gn/T/cargo-mutants-oauth-as-gTCCcH.tmp/target/debug/deps/libtokio-975ea064f9ad16cc.rlib --extern url=/private/var/folders/cx/c26_xdfx49jglkgh8vhrwp8r0000gn/T/cargo-mutants-oauth-as-gTCCcH.tmp/target/debug/deps/liburl-f82738fbc688e573.rlib -L native=/private/var/folders/cx/c26_xdfx49jglkgh8vhrwp8r0000gn/T/cargo-mutants-oauth-as-gTCCcH.tmp/target/debug/build/aws-lc-sys-ccaea78b23e919d6/out`
     Running `/Users/matthew/.rustup/toolchains/stable-aarch64-apple-darwin/bin/rustc --crate-name authorization_code --edition=2021 crates/oauth-as/tests/authorization_code.rs --error-format=json --json=diagnostic-rendered-ansi,artifacts,future-incompat --emit=dep-info,link -C embed-bitcode=no -C debuginfo=2 -C split-debuginfo=unpacked --test --cfg 'feature="default"' --check-cfg 'cfg(docsrs,test)' --check-cfg 'cfg(feature, values("default", "http"))' -C metadata=234ed00aeda632dd -C extra-filename=-346d6ba61f1f207c --out-dir /private/var/folders/cx/c26_xdfx49jglkgh8vhrwp8r0000gn/T/cargo-mutants-oauth-as-gTCCcH.tmp/target/debug/deps -C incremental=/private/var/folders/cx/c26_xdfx49jglkgh8vhrwp8r0000gn/T/cargo-mutants-oauth-as-gTCCcH.tmp/target/debug/incremental -L dependency=/private/var/folders/cx/c26_xdfx49jglkgh8vhrwp8r0000gn/T/cargo-mutants-oauth-as-gTCCcH.tmp/target/debug/deps --extern base64=/private/var/folders/cx/c26_xdfx49jglkgh8vhrwp8r0000gn/T/cargo-mutants-oauth-as-gTCCcH.tmp/target/debug/deps/libbase64-71d7ddbe23352509.rlib --extern getrandom=/private/var/folders/cx/c26_xdfx49jglkgh8vhrwp8r0000gn/T/cargo-mutants-oauth-as-gTCCcH.tmp/target/debug/deps/libgetrandom-48898a1b7fae3cc7.rlib --extern http=/private/var/folders/cx/c26_xdfx49jglkgh8vhrwp8r0000gn/T/cargo-mutants-oauth-as-gTCCcH.tmp/target/debug/deps/libhttp-6a5259f6c8199c1e.rlib --extern jsonschema=/private/var/folders/cx/c26_xdfx49jglkgh8vhrwp8r0000gn/T/cargo-mutants-oauth-as-gTCCcH.tmp/target/debug/deps/libjsonschema-84d2ce6e2e585d4b.rlib --extern oauth_as=/private/var/folders/cx/c26_xdfx49jglkgh8vhrwp8r0000gn/T/cargo-mutants-oauth-as-gTCCcH.tmp/target/debug/deps/liboauth_as-8d5cbe8c5a07f8b3.rlib --extern oauth2=/private/var/folders/cx/c26_xdfx49jglkgh8vhrwp8r0000gn/T/cargo-mutants-oauth-as-gTCCcH.tmp/target/debug/deps/liboauth2-3167962457923a67.rlib --extern serde=/private/var/folders/cx/c26_xdfx49jglkgh8vhrwp8r0000gn/T/cargo-mutants-oauth-as-gTCCcH.tmp/target/debug/deps/libserde-f4e0b116b888ac03.rlib --extern serde_json=/private/var/folders/cx/c26_xdfx49jglkgh8vhrwp8r0000gn/T/cargo-mutants-oauth-as-gTCCcH.tmp/target/debug/deps/libserde_json-4a18c44b38f643a4.rlib --extern sha2=/private/var/folders/cx/c26_xdfx49jglkgh8vhrwp8r0000gn/T/cargo-mutants-oauth-as-gTCCcH.tmp/target/debug/deps/libsha2-a4761ba26a06a6d3.rlib --extern tokio=/private/var/folders/cx/c26_xdfx49jglkgh8vhrwp8r0000gn/T/cargo-mutants-oauth-as-gTCCcH.tmp/target/debug/deps/libtokio-975ea064f9ad16cc.rlib --extern url=/private/var/folders/cx/c26_xdfx49jglkgh8vhrwp8r0000gn/T/cargo-mutants-oauth-as-gTCCcH.tmp/target/debug/deps/liburl-f82738fbc688e573.rlib -L native=/private/var/folders/cx/c26_xdfx49jglkgh8vhrwp8r0000gn/T/cargo-mutants-oauth-as-gTCCcH.tmp/target/debug/build/aws-lc-sys-ccaea78b23e919d6/out`
     Running `/Users/matthew/.rustup/toolchains/stable-aarch64-apple-darwin/bin/rustc --crate-name conformance_schema --edition=2021 crates/oauth-as/tests/conformance_schema.rs --error-format=json --json=diagnostic-rendered-ansi,artifacts,future-incompat --emit=dep-info,link -C embed-bitcode=no -C debuginfo=2 -C split-debuginfo=unpacked --test --cfg 'feature="default"' --check-cfg 'cfg(docsrs,test)' --check-cfg 'cfg(feature, values("default", "http"))' -C metadata=5270df47dd09db1e -C extra-filename=-7aea335bea8a72df --out-dir /private/var/folders/cx/c26_xdfx49jglkgh8vhrwp8r0000gn/T/cargo-mutants-oauth-as-gTCCcH.tmp/target/debug/deps -C incremental=/private/var/folders/cx/c26_xdfx49jglkgh8vhrwp8r0000gn/T/cargo-mutants-oauth-as-gTCCcH.tmp/target/debug/incremental -L dependency=/private/var/folders/cx/c26_xdfx49jglkgh8vhrwp8r0000gn/T/cargo-mutants-oauth-as-gTCCcH.tmp/target/debug/deps --extern base64=/private/var/folders/cx/c26_xdfx49jglkgh8vhrwp8r0000gn/T/cargo-mutants-oauth-as-gTCCcH.tmp/target/debug/deps/libbase64-71d7ddbe23352509.rlib --extern getrandom=/private/var/folders/cx/c26_xdfx49jglkgh8vhrwp8r0000gn/T/cargo-mutants-oauth-as-gTCCcH.tmp/target/debug/deps/libgetrandom-48898a1b7fae3cc7.rlib --extern http=/private/var/folders/cx/c26_xdfx49jglkgh8vhrwp8r0000gn/T/cargo-mutants-oauth-as-gTCCcH.tmp/target/debug/deps/libhttp-6a5259f6c8199c1e.rlib --extern jsonschema=/private/var/folders/cx/c26_xdfx49jglkgh8vhrwp8r0000gn/T/cargo-mutants-oauth-as-gTCCcH.tmp/target/debug/deps/libjsonschema-84d2ce6e2e585d4b.rlib --extern oauth_as=/private/var/folders/cx/c26_xdfx49jglkgh8vhrwp8r0000gn/T/cargo-mutants-oauth-as-gTCCcH.tmp/target/debug/deps/liboauth_as-8d5cbe8c5a07f8b3.rlib --extern oauth2=/private/var/folders/cx/c26_xdfx49jglkgh8vhrwp8r0000gn/T/cargo-mutants-oauth-as-gTCCcH.tmp/target/debug/deps/liboauth2-3167962457923a67.rlib --extern serde=/private/var/folders/cx/c26_xdfx49jglkgh8vhrwp8r0000gn/T/cargo-mutants-oauth-as-gTCCcH.tmp/target/debug/deps/libserde-f4e0b116b888ac03.rlib --extern serde_json=/private/var/folders/cx/c26_xdfx49jglkgh8vhrwp8r0000gn/T/cargo-mutants-oauth-as-gTCCcH.tmp/target/debug/deps/libserde_json-4a18c44b38f643a4.rlib --extern sha2=/private/var/folders/cx/c26_xdfx49jglkgh8vhrwp8r0000gn/T/cargo-mutants-oauth-as-gTCCcH.tmp/target/debug/deps/libsha2-a4761ba26a06a6d3.rlib --extern tokio=/private/var/folders/cx/c26_xdfx49jglkgh8vhrwp8r0000gn/T/cargo-mutants-oauth-as-gTCCcH.tmp/target/debug/deps/libtokio-975ea064f9ad16cc.rlib --extern url=/private/var/folders/cx/c26_xdfx49jglkgh8vhrwp8r0000gn/T/cargo-mutants-oauth-as-gTCCcH.tmp/target/debug/deps/liburl-f82738fbc688e573.rlib -L native=/private/var/folders/cx/c26_xdfx49jglkgh8vhrwp8r0000gn/T/cargo-mutants-oauth-as-gTCCcH.tmp/target/debug/build/aws-lc-sys-ccaea78b23e919d6/out`
     Running `/Users/matthew/.rustup/toolchains/stable-aarch64-apple-darwin/bin/rustc --crate-name client_auth --edition=2021 crates/oauth-as/tests/client_auth.rs --error-format=json --json=diagnostic-rendered-ansi,artifacts,future-incompat --emit=dep-info,link -C embed-bitcode=no -C debuginfo=2 -C split-debuginfo=unpacked --test --cfg 'feature="default"' --check-cfg 'cfg(docsrs,test)' --check-cfg 'cfg(feature, values("default", "http"))' -C metadata=1617004bb3c0326d -C extra-filename=-c8d0354db006e49f --out-dir /private/var/folders/cx/c26_xdfx49jglkgh8vhrwp8r0000gn/T/cargo-mutants-oauth-as-gTCCcH.tmp/target/debug/deps -C incremental=/private/var/folders/cx/c26_xdfx49jglkgh8vhrwp8r0000gn/T/cargo-mutants-oauth-as-gTCCcH.tmp/target/debug/incremental -L dependency=/private/var/folders/cx/c26_xdfx49jglkgh8vhrwp8r0000gn/T/cargo-mutants-oauth-as-gTCCcH.tmp/target/debug/deps --extern base64=/private/var/folders/cx/c26_xdfx49jglkgh8vhrwp8r0000gn/T/cargo-mutants-oauth-as-gTCCcH.tmp/target/debug/deps/libbase64-71d7ddbe23352509.rlib --extern getrandom=/private/var/folders/cx/c26_xdfx49jglkgh8vhrwp8r0000gn/T/cargo-mutants-oauth-as-gTCCcH.tmp/target/debug/deps/libgetrandom-48898a1b7fae3cc7.rlib --extern http=/private/var/folders/cx/c26_xdfx49jglkgh8vhrwp8r0000gn/T/cargo-mutants-oauth-as-gTCCcH.tmp/target/debug/deps/libhttp-6a5259f6c8199c1e.rlib --extern jsonschema=/private/var/folders/cx/c26_xdfx49jglkgh8vhrwp8r0000gn/T/cargo-mutants-oauth-as-gTCCcH.tmp/target/debug/deps/libjsonschema-84d2ce6e2e585d4b.rlib --extern oauth_as=/private/var/folders/cx/c26_xdfx49jglkgh8vhrwp8r0000gn/T/cargo-mutants-oauth-as-gTCCcH.tmp/target/debug/deps/liboauth_as-8d5cbe8c5a07f8b3.rlib --extern oauth2=/private/var/folders/cx/c26_xdfx49jglkgh8vhrwp8r0000gn/T/cargo-mutants-oauth-as-gTCCcH.tmp/target/debug/deps/liboauth2-3167962457923a67.rlib --extern serde=/private/var/folders/cx/c26_xdfx49jglkgh8vhrwp8r0000gn/T/cargo-mutants-oauth-as-gTCCcH.tmp/target/debug/deps/libserde-f4e0b116b888ac03.rlib --extern serde_json=/private/var/folders/cx/c26_xdfx49jglkgh8vhrwp8r0000gn/T/cargo-mutants-oauth-as-gTCCcH.tmp/target/debug/deps/libserde_json-4a18c44b38f643a4.rlib --extern sha2=/private/var/folders/cx/c26_xdfx49jglkgh8vhrwp8r0000gn/T/cargo-mutants-oauth-as-gTCCcH.tmp/target/debug/deps/libsha2-a4761ba26a06a6d3.rlib --extern tokio=/private/var/folders/cx/c26_xdfx49jglkgh8vhrwp8r0000gn/T/cargo-mutants-oauth-as-gTCCcH.tmp/target/debug/deps/libtokio-975ea064f9ad16cc.rlib --extern url=/private/var/folders/cx/c26_xdfx49jglkgh8vhrwp8r0000gn/T/cargo-mutants-oauth-as-gTCCcH.tmp/target/debug/deps/liburl-f82738fbc688e573.rlib -L native=/private/var/folders/cx/c26_xdfx49jglkgh8vhrwp8r0000gn/T/cargo-mutants-oauth-as-gTCCcH.tmp/target/debug/build/aws-lc-sys-ccaea78b23e919d6/out`
